#INFO: **** input file is /home/abenali/Work/Development/QMCPACK-Fork/qmcpack/tests/solids/diamondC_2x1x1-Gaussian_pp-KPTS/dft-inputs/diamondC_2x1x1_pp.py ****
#!/usr/bin/env python

'''
Gamma point post-HF calculation needs only real integrals.
Methods implemented in finite-size system can be directly used here without
any modification.
'''


import numpy
from pyscf.pbc import gto, scf, dft
#from mpi4pyscf.pbc import df 
from pyscf.pbc import df 


nmp = [2, 1, 1]

cell = gto.Cell()

cell.a = '''
         3.37316115       3.37316115       0.00000000
         0.00000000       3.37316115       3.37316115
         3.37316115       0.00000000       3.37316115'''
cell.atom = '''  
   C        0.00000000       0.00000000       0.00000000
   C        1.686580575      1.686580575      1.686580575 
            ''' 
cell.basis='bfd-vtz'
cell.ecp = 'bfd'


cell.unit='B'
cell.drop_exponent=0.1

cell.verbose = 5


cell.build()

kpts = cell.make_kpts(nmp)
kpts -= kpts[0]
supcell=cell

mydf = df.FFTDF(supcell,kpts)
mf = dft.KRKS(supcell,kpts)
mf.xc = 'lda'
mf.exxdiv = 'ewald'
mf.with_df = mydf

e_scf=mf.kernel()


ener = open('e_scf','w')
ener.write('%s\n' % (e_scf))
print 'e_scf',e_scf


title="C_Diamond"

from PyscfToQmcpack import savetoqmcpack
savetoqmcpack(supcell,mf,title=title,kpts=kpts)
#INFO: ******************** input file end ********************


System: ('Linux', 'abenali', '4.13.0-37-generic', '#42~16.04.1-Ubuntu SMP Wed Mar 7 16:03:28 UTC 2018', 'x86_64', 'x86_64')  Threads 6
Python 2.7.12 (default, Dec  4 2017, 14:50:18) 
[GCC 5.4.0 20160609]
numpy 1.14.0  scipy 1.0.0
Date: Sun Mar 25 15:12:09 2018
PySCF version 1.5a
PySCF path  /home/abenali/Work/src/pyscf/pyscf
GIT ORIG_HEAD 7a1a00078bba0ba6d7246ba7aebc30dce65adc9e
GIT HEAD      ref: refs/heads/dev
GIT dev branch  4102c13248fd03a069ddc84d3edb9dd64de21aad

[INPUT] VERBOSE 5
[INPUT] num atoms = 2
[INPUT] num electrons = 8
[INPUT] charge = 0
[INPUT] spin (= nelec alpha-beta = 2S) = 0
[INPUT] symmetry False subgroup None
[INPUT]  1 C      0.000000000000   0.000000000000   0.000000000000 AA    0.000000000000   0.000000000000   0.000000000000 Bohr
[INPUT]  2 C      0.892500004670   0.892500004670   0.892500004670 AA    1.686580575000   1.686580575000   1.686580575000 Bohr
[INPUT] ---------------- BASIS SET ---------------- 
[INPUT] l, kappa, [nprim/nctr], expnt,             c_1 c_2 ...
[INPUT] C
[INPUT] 0    0    [8    /1   ]  13.073594         -0.000705
                                6.541187          0.015176
                                3.272791          -0.121499
                                1.637494          -0.033512
                                0.819297          0.180113
                                0.409924          0.380369
                                0.2051            0.397529
                                0.102619          0.169852
[INPUT] 0    0    [1    /1   ]  0.921552             1
[INPUT] 0    0    [1    /1   ]  0.1328               1
[INPUT] 1    0    [7    /1   ]  7.480076          0.021931
                                3.741035          0.054425
                                1.871016          0.112024
                                0.935757          0.210979
                                0.468003          0.289868
                                0.234064          0.302667
                                0.117063          0.191634
[INPUT] 1    0    [1    /1   ]  0.126772             1
[INPUT] 1    0    [1    /1   ]  0.376742             1
[INPUT] 2    0    [1    /1   ]  0.329486             1
[INPUT] 2    0    [1    /1   ]  1.141611             1
[INPUT] 3    0    [1    /1   ]  0.773485             1
Ewald components = 1.76043195084572e-15, -36.7282243593125, 23.9525571243292
nuclear repulsion = -12.7756672349833
number of shells = 18
number of NR pGTOs = 108
number of NR cGTOs = 58
basis = bfd-vtz
ecp = bfd
CPU time:         0.37
lattice vectors  a1 [3.373161150, 3.373161150, 0.000000000]
                 a2 [0.000000000, 3.373161150, 3.373161150]
                 a3 [3.373161150, 0.000000000, 3.373161150]
dimension = 3
Cell volume = 76.7611
drop_exponent = 0.1
rcut = 19.979446804953323 (nimgs = [6 6 6])
lattice sum = 1031 cells
precision = 1e-08
pseudo = None
ke_cutoff = 210.04046196104096
    = [26 26 26] mesh = 17576
ew_eta = 2.01651
ew_cut = 3.4228673672384344 (nimgs = [1 1 1])


******** <class 'pyscf.pbc.dft.krks.KRKS'> flags ********
method = KRKS-KRHF-KSCF-SCF
initial guess = minao
damping factor = 0
level shift factor = 0
DIIS = <class 'pyscf.scf.diis.CDIIS'>
DIIS start cycle = 1
DIIS space = 8
SCF tol = 1e-09
SCF gradient tol = None
max. SCF cycles = 50
direct_scf = False
chkfile to save SCF result = /home/abenali/Work/Development/QMCPACK-Fork/qmcpack/tests/solids/diamondC_2x1x1-Gaussian_pp-KPTS/dft-inputs/tmpPqkt3X
max_memory 4000 MB (current use 61 MB)


******** PBC SCF flags ********
N kpts = 2
kpts = [[ 0.          0.          0.        ]
 [ 0.46567485  0.46567485 -0.46567485]]
Exchange divergence treatment (exxdiv) = ewald
Ewald components = 2.38405713413658e-42, -1.14020834016724, 0.905546164474777
    madelung (= occupied orbital energy shift) = 0.4693243513849352
    Total energy shift due to Ewald probe charge = -1/2 * Nelec*madelung/cell.vol = -1.87729740554
DF object = <pyscf.pbc.df.fft.FFTDF object at 0x7efc7b6c8550>


******** <class 'pyscf.pbc.df.fft.FFTDF'> flags ********
mesh = [26 26 26]
len(kpts) = 2
XC functionals = lda
Uniform grid, mesh = [26 26 26]
Set gradient conv threshold to 3.16228e-05
cond(S) = [14423795.73499366  4249847.21811656]
    CPU time for setting up grids      4.51 sec, wall time      0.75 sec
nelec by numeric integration = 9.438992987804335
    CPU time for vxc      4.04 sec, wall time      0.72 sec
    CPU time for vj      7.45 sec, wall time      1.29 sec
E1 = 3.753915752166849  Ecoul = 0.7629784936121052  Exc = -3.683193505773466
Ewald components = 1.76043195084572e-15, -36.7282243593125, 23.9525571243292
init E= -11.9419664949778
    CPU time for initialize scf   1529.62 sec, wall time    256.16 sec
HOMO = 0.506508397295  LUMO = 0.709574010675
     k-point                  mo_energy
   0 ( 0.000  0.000  0.000)   [-0.27835931  0.49857797  0.49862543  0.5065084 ] [0.70957401 0.70962079 0.71049677 0.97209439 1.23349013 1.47971843
 1.47971844 1.50513646 1.51069858 1.51070549 1.84607579 2.24038613
 2.24051571 2.24387038 2.97610323 2.97613953 2.97903315 3.1523287
 3.15232871 3.35239816 3.35853461 3.35853461 3.52128579 3.52168506
 3.52563469 4.16150205 4.16152237 4.16241664 4.49692219 4.49994219
 4.50001569 4.53386731 4.68993156 4.68993156 4.7115313  4.71423648
 4.71430052 4.93809648 4.93809648 5.00481138 5.00657673 5.00657673
 5.15498313 6.06395701 6.06449638 6.06858053 6.0959649  6.0960652
 6.09852732 6.33420658 8.06604948 8.06704865 8.06803781 8.87510763]
   1 ( 0.500  0.000  0.000)   [-0.0703985   0.01739043  0.39783368  0.39787497] [ 0.81186876  0.8119133   0.81741057  1.07612043  1.29839867  1.39420429
  1.45750178  1.45754417  1.75355054  1.75355333  2.24343719  2.4745837
  2.4746505   2.52826973  2.6866124   2.68672158  2.69344252  2.69344335
  3.00416768  3.28794917  3.28797963  3.36726872  3.36736849  3.46956204
  3.61569655  3.72386845  3.82725722  3.82727039  4.15072348  4.47488004
  4.74725738  4.79555969  4.79585111  4.88424957  5.13358979  5.13360228
  5.23849222  5.23862796  5.26601104  5.26629562  5.48018031  5.65523772
  5.78762875  5.78772552  6.02458345  6.02458827  6.2840806   6.28418821
  6.65110681  6.84254544  7.33924259  7.34039966  8.16694866 11.05445396]
nelec by numeric integration = 8.000000000000032
    CPU time for vxc      4.04 sec, wall time      0.72 sec
    CPU time for vj      7.72 sec, wall time      1.35 sec
E1 = 4.332991239304937  Ecoul = 1.3165551938821092  Exc = -3.202797182588587
Ewald components = 1.76043195084572e-15, -36.7282243593125, 23.9525571243292
cycle= 1 E= -10.3289179843848  delta_E= 1.61  |g|= 0.259  |ddm|= 8.22
    CPU time for cycle= 1     11.91 sec, wall time      2.09 sec
HOMO = 0.605784913001  LUMO = 0.788270494511
     k-point                  mo_energy
   0 ( 0.000  0.000  0.000)   [-0.20969157  0.60005964  0.6057364   0.60578491] [0.78827049 0.79076909 0.79080875 1.06967447 1.28683623 1.52992932
 1.52992976 1.53284059 1.53599303 1.53599682 1.86787106 2.32052986
 2.32124679 2.3213732  3.05134666 3.05814655 3.05817469 3.21452098
 3.2145214  3.42128257 3.42128428 3.4238952  3.60740401 3.60769469
 3.60797874 4.22674609 4.22810081 4.22812631 4.56529266 4.56536579
 4.56547276 4.64017123 4.76903531 4.76903583 4.77197743 4.7732489
 4.7733145  5.0139474  5.01394777 5.06581577 5.06581699 5.07004739
 5.21728096 6.15516317 6.15721731 6.1577266  6.1715479  6.173317
 6.17342008 6.44575776 8.1568193  8.1575839  8.15798298 9.02029756]
   1 ( 0.500  0.000  0.000)   [0.01505325 0.07696225 0.49645585 0.49649785] [ 0.88910164  0.88913563  0.89981295  1.13242733  1.36577319  1.47242278
  1.51742389  1.51746965  1.80476481  1.8047684   2.29663792  2.53255781
  2.53261772  2.60712864  2.73897744  2.73898319  2.76531268  2.76541804
  3.04674149  3.35402598  3.35406263  3.45635105  3.45644087  3.54355647
  3.69790343  3.78092521  3.88295584  3.88296829  4.24485418  4.53320133
  4.84143321  4.87827253  4.87857547  4.95811605  5.22351724  5.22353716
  5.31409942  5.31423058  5.34311049  5.34340358  5.54582319  5.72927271
  5.86483406  5.86492544  6.09384979  6.09385234  6.35209251  6.35220067
  6.72886939  6.93452484  7.43458012  7.4357533   8.29320699 11.19556478]
nelec by numeric integration = 8.000000000000043
    CPU time for vxc      4.09 sec, wall time      0.73 sec
    CPU time for vj      7.87 sec, wall time      1.38 sec
E1 = 4.413281331785473  Ecoul = 1.1888490911649068  Exc = -3.161918200062029
Ewald components = 1.76043195084572e-15, -36.7282243593125, 23.9525571243292
cycle= 2 E= -10.3354550120949  delta_E= -0.00654  |g|= 0.0693  |ddm|= 5.85
    CPU time for cycle= 2     12.09 sec, wall time      2.12 sec
HOMO = 0.591345000404  LUMO = 0.778695709151
     k-point                  mo_energy
   0 ( 0.000  0.000  0.000)   [-0.2165298   0.58701433  0.59129681  0.591345  ] [0.77869571 0.78100193 0.78104335 1.05641417 1.28250136 1.52663697
 1.52663737 1.5335055  1.53767382 1.53767833 1.86986243 2.31064888
 2.31074031 2.31082233 3.04301906 3.04938912 3.0494187  3.20879428
 3.20879462 3.41539924 3.41540033 3.41707275 3.59522508 3.5956532
 3.59609268 4.2203188  4.22155209 4.2215766  4.55837189 4.55862802
 4.55869655 4.62599871 4.75939005 4.7593905  4.76652863 4.76829689
 4.76836214 5.00486108 5.00486141 5.06021158 5.06021274 5.06418688
 5.21106787 6.14334175 6.14464205 6.14514208 6.16267913 6.16397835
 6.16408053 6.42820142 8.14418866 8.14516494 8.14527893 8.99610591]
   1 ( 0.500  0.000  0.000)   [0.00491177 0.07144053 0.48365601 0.48369783] [ 0.8804093   0.88044596  0.88927723  1.12807205  1.35779937  1.46161567
  1.51184557  1.51189072  1.8012883   1.80129168  2.29217085  2.52722778
  2.52728953  2.59777033  2.73651272  2.7365207   2.7556239   2.75572712
  3.04483657  3.34752649  3.34756288  3.44527096  3.44536183  3.53628524
  3.68691813  3.77538321  3.87865872  3.87867133  4.23318755  4.52860486
  4.82851332  4.86729254  4.86759376  4.94943828  5.2120538   5.21207225
  5.30516483  5.30529732  5.33345322  5.33374371  5.53844506  5.720469
  5.85518994  5.85528245  6.08644569  6.08644873  6.34480882  6.34491696
  6.71883058  6.92303641  7.42121     7.42237948  8.27255426 11.17206608]
nelec by numeric integration = 8.00000000000004
    CPU time for vxc      4.02 sec, wall time      0.71 sec
    CPU time for vj      7.76 sec, wall time      1.35 sec
E1 = 4.394563348930424  Ecoul = 1.21552767592929  Exc = -3.1703673214401302
Ewald components = 1.76043195084572e-15, -36.7282243593125, 23.9525571243292
cycle= 3 E= -10.3359435315637  delta_E= -0.000489  |g|= 0.00261  |ddm|= 0.975
    CPU time for cycle= 3     11.99 sec, wall time      2.10 sec
HOMO = 0.591447034166  LUMO = 0.778796780902
     k-point                  mo_energy
   0 ( 0.000  0.000  0.000)   [-0.21647201  0.58729303  0.59139879  0.59144703] [0.77879678 0.78111974 0.78116112 1.05658545 1.28252372 1.52664329
 1.52664369 1.53340304 1.53764102 1.53764547 1.86979833 2.31077321
 2.31088747 2.31092582 3.04314439 3.04943677 3.04946636 3.20883792
 3.20883827 3.41547364 3.41547479 3.41704887 3.59536608 3.59579275
 3.59628746 4.22038203 4.22160204 4.22162655 4.55838819 4.55871128
 4.55878025 4.62614533 4.75949786 4.75949831 4.766546   4.76832834
 4.76839364 5.00496058 5.00496092 5.06026779 5.06026897 5.06421617
 5.21112672 6.14354602 6.14476258 6.14526099 6.16280611 6.16407016
 6.16417199 6.42846366 8.14434749 8.14534214 8.14543447 8.99646879]
   1 ( 0.500  0.000  0.000)   [0.00493782 0.0716106  0.48377075 0.48381262] [ 0.88045919  0.88049574  0.88940296  1.12809978  1.35791993  1.46183212
  1.51190957  1.51195477  1.80134095  1.80134433  2.29216077  2.52727691
  2.52733859  2.59790702  2.73649597  2.73650389  2.75566822  2.75577148
  3.04478975  3.34757278  3.3476091   3.44534388  3.44543486  3.53625866
  3.68707891  3.77549563  3.87874005  3.87875264  4.23326772  4.52863575
  4.82870643  4.86740308  4.86770426  4.94953404  5.21217117  5.21218962
  5.30528078  5.30541285  5.3336148   5.33390591  5.53854948  5.72057833
  5.85529353  5.85538604  6.08651326  6.08651627  6.34490044  6.34500854
  6.71897429  6.92314628  7.42134123  7.42251087  8.27289384 11.17244527]
nelec by numeric integration = 8.000000000000043
    CPU time for vxc      4.04 sec, wall time      0.71 sec
    CPU time for vj      7.76 sec, wall time      1.35 sec
E1 = 4.394855235931531  Ecoul = 1.2151053045396523  Exc = -3.1702351958711326
Ewald components = 1.76043195084572e-15, -36.7282243593125, 23.9525571243292
cycle= 4 E= -10.3359418903832  delta_E= 1.64e-06  |g|= 0.0044  |ddm|= 0.018
    CPU time for cycle= 4     11.94 sec, wall time      2.08 sec
HOMO = 0.591466568847  LUMO = 0.778813079159
     k-point                  mo_energy
   0 ( 0.000  0.000  0.000)   [-0.21646452  0.58731539  0.5914183   0.59146657] [0.77881308 0.78113252 0.78117388 1.05660644 1.28252636 1.52664439
 1.52664479 1.53339632 1.53763382 1.53763827 1.86978978 2.31078828
 2.31090361 2.31094057 3.04315603 3.04944532 3.0494749  3.20884367
 3.20884402 3.41547994 3.41548108 3.41705349 3.59538452 3.59581114
 3.5963086  4.22038945 4.22160856 4.22163308 4.55839653 4.55871882
 4.5587878  4.62616418 4.75951133 4.75951179 4.76654905 4.76833221
 4.76839748 5.00497311 5.00497345 5.06027452 5.06027569 5.06422067
 5.21113394 6.14356614 6.14478065 6.14527879 6.16281981 6.16408181
 6.16418387 6.42849529 8.14436737 8.1453631  8.14545412 8.99651307]
   1 ( 0.500  0.000  0.000)   [0.00495049 0.07161799 0.48378788 0.48382977] [ 0.88046954  0.88050609  0.88942071  1.12810533  1.35793276  1.46184776
  1.5119151   1.51196032  1.80134254  1.80134593  2.29216532  2.52728272
  2.52734441  2.59791929  2.736495    2.73650291  2.75568157  2.75578484
  3.04478904  3.34757871  3.34761502  3.445357    3.44544798  3.53626386
  3.68709778  3.77550265  3.87874339  3.87875598  4.23328235  4.52863846
  4.82872657  4.86742007  4.86772129  4.94954554  5.21218614  5.21220459
  5.30529289  5.30542531  5.33362946  5.33392023  5.53856023  5.7205914
  5.8553077   5.85540021  6.08652123  6.08652424  6.34490972  6.34501782
  6.71899151  6.92316172  7.42136106  7.42253066  8.27293078 11.17248989]
nelec by numeric integration = 8.000000000000039
    CPU time for vxc      4.00 sec, wall time      0.71 sec
    CPU time for vj      7.99 sec, wall time      1.40 sec
E1 = 4.394888514746017  Ecoul = 1.2150536308327986  Exc = -3.170219232381676
Ewald components = 1.76043195084572e-15, -36.7282243593125, 23.9525571243292
cycle= 5 E= -10.3359443217862  delta_E= -2.43e-06  |g|= 0.000249  |ddm|= 0.00873
    CPU time for cycle= 5     12.15 sec, wall time      2.13 sec
HOMO = 0.591487399112  LUMO = 0.778828560787
     k-point                  mo_energy
   0 ( 0.000  0.000  0.000)   [-0.21645928  0.58731586  0.59143913  0.5914874 ] [0.77882856 0.7811391  0.78118046 1.05662007 1.28252786 1.52664534
 1.52664573 1.53339861 1.53762506 1.53762951 1.86978304 2.31079908
 2.31091075 2.31095262 3.04315913 3.04945396 3.04948355 3.20884779
 3.20884814 3.41548059 3.41548173 3.41706539 3.59539804 3.59582473
 3.59631922 4.22039377 4.22161317 4.22163769 4.55840939 4.55872049
 4.5587894  4.62617752 4.75952022 4.75952068 4.76655202 4.76833456
 4.76839984 5.00498186 5.0049822  5.06027864 5.06027982 5.06422463
 5.21113851 6.14357299 6.14479549 6.14529384 6.16282697 6.16409074
 6.1641928  6.4285154  8.14438083 8.14537596 8.14546771 8.99654191]
   1 ( 0.500  0.000  0.000)   [0.00496986 0.07160678 0.48380261 0.48384449] [ 0.88048139  0.88051793  0.88943504  1.12811133  1.35793863  1.4618453
  1.51191585  1.51196106  1.80133763  1.80134102  2.29217487  2.52728617
  2.52734786  2.59792197  2.73649543  2.73650334  2.75569966  2.75580293
  3.04479433  3.3475828   3.34761912  3.44537045  3.44546142  3.53627723
  3.6871092   3.77549906  3.87873757  3.87875016  4.23329755  4.52863887
  4.82873561  4.86743532  4.86773655  4.94955275  5.21219661  5.21221507
  5.30529901  5.3054314   5.33363211  5.33392289  5.53856465  5.72059963
  5.85531869  5.85541119  6.08652602  6.08652903  6.34491342  6.34502152
  6.7190023   6.92317409  7.42137836  7.42254797  8.27294945 11.17251694]
nelec by numeric integration = 8.00000000000004
    CPU time for vxc      4.07 sec, wall time      0.72 sec
    CPU time for vj      7.74 sec, wall time      1.36 sec
E1 = 4.394909215238557  Ecoul = 1.2150234671862  Exc = -3.1702097765790125
Ewald components = 1.76043195084572e-15, -36.7282243593125, 23.9525571243292
cycle= 6 E= -10.3359443291376  delta_E= -7.35e-09  |g|= 3.49e-06  |ddm|= 0.00138
    CPU time for cycle= 6     12.02 sec, wall time      2.11 sec
HOMO = 0.59148772215  LUMO = 0.778828490059
     k-point                  mo_energy
   0 ( 0.000  0.000  0.000)   [-0.21645924  0.5873162   0.59143946  0.59148772] [0.77882849 0.78113939 0.78118075 1.05662036 1.28252765 1.52664527
 1.52664566 1.53339829 1.53762464 1.53762909 1.86978248 2.31079917
 2.3109108  2.31095272 3.04315918 3.04945406 3.04948365 3.20884784
 3.20884818 3.4154806  3.41548174 3.41706564 3.59539827 3.59582497
 3.59631924 4.22039368 4.22161316 4.22163767 4.5584094  4.5587206
 4.5587895  4.62617785 4.75952034 4.75952079 4.76655209 4.76833443
 4.76839971 5.00498198 5.00498232 5.06027864 5.06027982 5.06422483
 5.21113847 6.14357315 6.1447957  6.14529404 6.16282692 6.16409086
 6.16419292 6.42851571 8.1443811  8.14537619 8.14546798 8.9965425 ]
   1 ( 0.500  0.000  0.000)   [0.00497001 0.07160679 0.48380289 0.48384478] [ 0.88048161  0.88051816  0.88943501  1.12811112  1.35793853  1.46184562
  1.51191574  1.51196095  1.80133754  1.80134093  2.29217445  2.52728607
  2.52734777  2.59792211  2.73649528  2.73650319  2.7556997   2.75580296
  3.04479407  3.34758294  3.34761926  3.44537064  3.44546161  3.53627752
  3.68710932  3.77549892  3.87873756  3.87875015  4.23329771  4.52863898
  4.82873596  4.86743544  4.86773667  4.94955294  5.21219685  5.2122153
  5.30529908  5.30543147  5.33363217  5.33392294  5.53856466  5.72059967
  5.85531879  5.8554113   6.08652612  6.08652913  6.34491346  6.34502156
  6.71900227  6.92317432  7.42137862  7.42254823  8.27295    11.17251748]
nelec by numeric integration = 8.000000000000044
    CPU time for vxc      4.06 sec, wall time      0.73 sec
    CPU time for vj      7.77 sec, wall time      1.35 sec
E1 = 4.3949099995054866  Ecoul = 1.2150223149188102  Exc = -3.170209408580001
Ewald components = 1.76043195084572e-15, -36.7282243593125, 23.9525571243292
cycle= 7 E= -10.335944329139  delta_E= -1.45e-12  |g|= 3.11e-07  |ddm|= 7.04e-05
    CPU time for cycle= 7     11.98 sec, wall time      2.10 sec
HOMO = 0.591487748059  LUMO = 0.778828503538
     k-point                  mo_energy
   0 ( 0.000  0.000  0.000)   [-0.21645923  0.58731623  0.59143948  0.59148775] [0.7788285  0.7811394  0.78118076 1.05662038 1.28252763 1.52664526
 1.52664566 1.53339826 1.53762461 1.53762906 1.86978244 2.31079917
 2.31091081 2.31095273 3.04315918 3.04945407 3.04948365 3.20884784
 3.20884819 3.4154806  3.41548174 3.41706565 3.59539828 3.59582499
 3.59631925 4.22039368 4.22161316 4.22163767 4.55840941 4.5587206
 4.55878951 4.62617787 4.75952035 4.7595208  4.76655209 4.76833443
 4.7683997  5.00498199 5.00498233 5.06027864 5.06027982 5.06422484
 5.21113847 6.14357317 6.14479571 6.14529406 6.16282693 6.16409087
 6.16419292 6.42851574 8.14438112 8.14537622 8.14546799 8.99654254]
   1 ( 0.500  0.000  0.000)   [0.00497002 0.07160679 0.48380292 0.4838448 ] [ 0.88048162  0.88051817  0.88943502  1.12811111  1.35793853  1.46184563
  1.51191574  1.51196095  1.80133754  1.80134092  2.29217444  2.52728607
  2.52734777  2.59792212  2.73649527  2.73650318  2.7556997   2.75580297
  3.04479405  3.34758294  3.34761927  3.44537066  3.44546162  3.53627753
  3.68710933  3.77549892  3.87873755  3.87875014  4.23329773  4.52863898
  4.82873598  4.86743546  4.86773669  4.94955296  5.21219686  5.21221532
  5.30529909  5.30543148  5.33363218  5.33392295  5.53856466  5.72059968
  5.8553188   5.85541131  6.08652612  6.08652913  6.34491346  6.34502157
  6.71900228  6.92317434  7.42137864  7.42254825  8.27295003 11.17251752]
nelec by numeric integration = 8.000000000000036
    CPU time for vxc      4.05 sec, wall time      0.72 sec
    CPU time for vj      7.77 sec, wall time      1.36 sec
E1 = 4.394910054672859  Ecoul = 1.2150222338272418  Exc = -3.170209382655812
Ewald components = 1.76043195084572e-15, -36.7282243593125, 23.9525571243292
Extra cycle  E= -10.335944329139  delta_E= -7.11e-15  |g|= 2.08e-07  |ddm|= 6.05e-06
    CPU time for scf_cycle   1625.65 sec, wall time    272.99 sec
    CPU time for SCF   1625.69 sec, wall time    273.00 sec
converged SCF energy = -10.335944329139
e_scf -10.3359443291
Wavefunction successfuly saved to QMCPACK HDF5 Format
Use: "convert4qmc -pyscf  C_Diamond.h5" to generate QMCPACK input files
