  Input file(s): qmc_short_vmc_dmc.in.xml 

=====================================================
                    QMCPACK 3.4.0 

  (c) Copyright 2003-  QMCPACK developers            

  Git branch: PBC-Gaussian
  Last git commit: 81e44e232a8cd6c5dce2fa6bb19397e3b3839a4b-dirty
  Last commit date: Wed Mar 14 17:04:03 2018 -0500
=====================================================
  Global options 

  MPI Nodes            = 1
  MPI Nodes per group  = 1
  MPI Group ID         = 0
  OMP_NUM_THREADS      = 16

  Precision used in this calculation, see definitions in the manual:
  Base precision      = double
  Full precision      = double

  Input XML = qmc_short_vmc_dmc.in.xml

  Project = qmc_short_vmc_dmc
  date    = 2018-03-22 16:01:10 CDT
  host    = abenali

 Random Number
 -------------
  Offset for the random number seeds based on time: 406

  Range of prime numbers to use as seeds over processors and threads = 2801-2939


 Lattice
 -------
  Simulation cell radius   = 1.947495 bohr
  Wigner-Seitz cell radius = 2.385185 bohr

 Unit Cell
 ---------
  Lattice (bohr):      3.3731611500      3.3731611500      0.0000000000
                       0.0000000000      3.3731611500      3.3731611500
                       3.3731611500      0.0000000000      3.3731611500

  Boundary Conditions:  p  p  p 

  Volume (bohr^3) = 76.7611133056

  Reciprocal vectors without 2*pi.
    g_1 =       0.1482289098      0.1482289098     -0.1482289098
    g_2 =      -0.1482289098      0.1482289098      0.1482289098
    g_3 =       0.1482289098     -0.1482289098      0.1482289098

  Metric tensor in real-space.
    h_1 = 22.7564322877 11.3782161439 11.3782161439 
    h_2 = 11.3782161439 22.7564322877 11.3782161439 
    h_3 = 11.3782161439 11.3782161439 22.7564322877 

  Metric tensor in g-space.
    h_1 = 2.6022368383 -0.8674122794 -0.8674122794 
    h_2 = -0.8674122794 2.6022368383 -0.8674122794 
    h_3 = -0.8674122794 -0.8674122794 2.6022368383 

 Particle Set 
 ------------
  Name: ion0
  Initializing the lattice by the global supercell
  All the species have the same mass 1.0000000000
  Long-range breakup parameters:
    rc*kc = 15.0000000000; rc = 1.9474954980; kc = 7.7022000901

  Creating Structure Factor for periodic systems 7.7022000901
  KContainer initialised with cutoff 7.7022000901
   # of K-shell  = 25
   # of K points = 608

  Particle set size: 2

 Particle Set 
 ------------
  Name: e
  Initializing the lattice by the global supercell
  All the species have the same mass 1.0000000000
  Long-range breakup parameters:
    rc*kc = 15.0000000000; rc = 1.9474954980; kc = 7.7022000901

  Creating Structure Factor for periodic systems 7.7022000901
  KContainer initialised with cutoff 7.7022000901
   # of K-shell  = 25
   # of K points = 608

  Particle set size: 8

 Wavefunction setup: 
 ------------------- 
  Name: psi0
  LCAO: SoaAtomicBasisSet<MultiQuintic,1>

  Distance table for similar particles (A-A):
    source/target: e
    Using structure-of-arrays (SoA) data layout
    Distance computations use general periodic cell in 3D with corner image checks.
    Setting Rmax = 1.9475


  Distance table for dissimilar particles (A-B):
    source: ion0  target: e
    Using structure-of-arrays (SoA) data layout
    Distance computations use general periodic cell in 3D with corner image checks.
    Setting Rmax = 1.9475

Reading BasisSet from HDF5 file:C_Diamond.h5
<input node="atomicBasisSet" name="bfd-vtz" Morder="pyscf" angular="spherical"  elementType="C"  normalized="no  basisType="Numerical  addSign="0" />
  AO BasisSet for C
   Spherical Harmonics contain (-1)^m factor
   Angular momentum m expanded as -l, ... ,l, with the exception of L=1 (1,-1,0)
   Grid is created by the input paremters in h5
    Using log grid ri = 0.0000010000 rf = 100.0000000000 npts = 1001
   R(n,l,m,s) 0 0 0 0
   R(n,l,m,s) 1 0 0 0
   R(n,l,m,s) 2 0 0 0
   R(n,l,m,s) 3 1 0 0
   R(n,l,m,s) 4 1 0 0
   R(n,l,m,s) 5 1 0 0
   R(n,l,m,s) 6 2 0 0
   R(n,l,m,s) 7 2 0 0
   R(n,l,m,s) 8 3 0 0
Expanding Ylm as L=1 as (1,-1,0) and L>1 as -l,-l+1,...,l-1,l
   Adding 1 spherical orbitals
   Adding 1 spherical orbitals
   Adding 1 spherical orbitals
   Adding 3 spherical orbitals
   Adding 3 spherical orbitals
   Adding 3 spherical orbitals
   Adding 5 spherical orbitals
   Adding 5 spherical orbitals
   Adding 7 spherical orbitals
   Maximum Angular Momentum  = 3
   Number of Radial functors = 9
   Basis size                = 29

  Created basis set builder named 'LCAOBSet' of type molecularorbital
Reuse BasisSetBuilder "LCAOBSet" type MolecularOrbital
  Building SPOset '' with '' basis set.
Reuse BasisSetBuilder "LCAOBSet" type MolecularOrbital
  Building SPOset '' with '' basis set.
  Creating a determinant updet group=0 sposet=updet
  Reusing a SPO set updet
Using DiracDeterminantBase 

  Creating a determinant downdet group=1 sposet=downdet
  Reusing a SPO set downdet
Using DiracDeterminantBase 

  FermionWF=SlaterDet
  BsplineJastrowBuilder adds a functor with cusp = -0.2500000000
  Jastrow cutoff unspecified.  Setting to Wigner-Seitz radius = 2.3851851232.
 size = 10 parameters 
 cusp = -0.2500000000
 rcut = 2.3851851232
Parameter     Name      Value
uu_0 0.2726198673 1 1  ON 0
uu_1 0.2382882556 1 1  ON 1
uu_2 0.1911490460 1 1  ON 2
uu_3 0.1526267223 1 1  ON 3
uu_4 0.1178340401 1 1  ON 4
uu_5 0.0881443364 1 1  ON 5
uu_6 0.0617403076 1 1  ON 6
uu_7 0.0406080861 1 1  ON 7
uu_8 0.0230622940 1 1  ON 8
uu_9 0.0114870443 1 1  ON 9
  BsplineJastrowBuilder adds a functor with cusp = -0.5000000000
  Jastrow cutoff unspecified.  Setting to Wigner-Seitz radius = 2.3851851232.
 size = 10 parameters 
 cusp = -0.5000000000
 rcut = 2.3851851232
Parameter     Name      Value
ud_0 0.4876403785 1 1  ON 0
ud_1 0.3870006073 1 1  ON 1
ud_2 0.3052499216 1 1  ON 2
ud_3 0.2356531156 1 1  ON 3
ud_4 0.1763648544 1 1  ON 4
ud_5 0.1280752412 1 1  ON 5
ud_6 0.0880331011 1 1  ON 6
ud_7 0.0565787190 1 1  ON 7
ud_8 0.0315297029 1 1  ON 8
ud_9 0.0153965342 1 1  ON 9

  Using BsplineBuilder for one-body jastrow with B-spline functions
  Jastrow cutoff unspecified.  Setting to Wigner-Seitz radius = 2.3851851232.
 size = 10 parameters 
 cusp = 0.0000000000
 rcut = 2.3851851232
Parameter     Name      Value
eC_0 -0.2316893593 1 1  ON 0
eC_1 -0.2203067146 1 1  ON 1
eC_2 -0.2051060990 1 1  ON 2
eC_3 -0.1863074006 1 1  ON 3
eC_4 -0.1635242826 1 1  ON 4
eC_5 -0.1349684435 1 1  ON 5
eC_6 -0.1041141946 1 1  ON 6
eC_7 -0.0734878500 1 1  ON 7
eC_8 -0.0449139708 1 1  ON 8
eC_9 -0.0229174968 1 1  ON 9
  QMCHamiltonian::addOperator Kinetic to H, physical Hamiltonian 

  Creating CoulombHandler with the optimal breakup. 
  KContainer initialised with cutoff 44.3527652081
   # of K-shell  = 759
   # of K points = 113394

  NUMBER OF OPT_BREAK KVECS = 37906580313
 finding kc:  7.7022000901 , -1.0000000000
  LRBreakp parameter Kc =7.7022000901
    Continuum approximation in k = [44.3527652081,3080.8800360496)

   LR Breakup chi^2 = 0.0000000000
   PBCAA self-interaction term -6.2993157662
   PBCAA total constant -6.9386825513
  Maximum K shell 24
  Number of k vectors 608
  Fixed Coulomb potential for e
    e-e Madelung Const. =-0.3298144519
    Vtot     =0.0000000000
  QMCHamiltonian::addOperator ElecElec to H, physical Hamiltonian 
QMCHamiltonian::addOperatorType added type coulomb named ElecElec

  Distance table for similar particles (A-A):
    source/target: ion0
    Using structure-of-arrays (SoA) data layout
    Distance computations use general periodic cell in 3D with corner image checks.
    Setting Rmax = 1.9475

  Clone CoulombHandler. 
   PBCAA self-interaction term -25.1972630646
   PBCAA total constant -25.8366298497
  Maximum K shell 24
  Number of k vectors 608
  Fixed Coulomb potential for ion0
    e-e Madelung Const. =-0.3298144519
    Vtot     =-12.7756675184
  QMCHamiltonian::addOperator IonIon to H, physical Hamiltonian 
QMCHamiltonian::addOperatorType added type coulomb named IonIon

  ECPotential builder for pseudopotential 

  Adding pseudopotential for C
   Linear grid  ri=0.0000000000 rf=10.0000000000 npts = 10001
    ECPComponentBuilder::buildSemiLocalAndLocal 
    Assuming Hartree unit
   Number of angular momentum channels 2
   Maximum angular momentum channel 1
   Creating a Linear Grid Rmax=1.7000000000
  Using global grid with delta = 0.0010000000
   Making L=1 a local potential with a radial cutoff of 9.9990000000
    Non-local pseudopotential parameters
    Maximum angular mementum = 0
    Number of non-local channels = 1
       l(0)=0
    Cutoff radius = 1.7000000000
    Spherical grids and weights: 
             1.0000000000      0.0000000000      0.0000000000        0.0833333333
            -1.0000000000      0.0000000000      0.0000000000        0.0833333333
             0.4472135955      0.8944271910      0.0000000000        0.0833333333
            -0.4472135955      0.7236067977      0.5257311121        0.0833333333
             0.4472135955      0.2763932023      0.8506508084        0.0833333333
            -0.4472135955     -0.2763932023      0.8506508084        0.0833333333
             0.4472135955     -0.7236067977      0.5257311121        0.0833333333
            -0.4472135955     -0.8944271910      0.0000000000        0.0833333333
             0.4472135955     -0.7236067977     -0.5257311121        0.0833333333
            -0.4472135955     -0.2763932023     -0.8506508084        0.0833333333
             0.4472135955      0.2763932023     -0.8506508084        0.0833333333
            -0.4472135955      0.7236067977     -0.5257311121        0.0833333333
    Maximum cutoff radius 1.7000000000
  Clone CoulombHandler. 
   Constant of PBCAB 1.2787335703
  Rcut                1.9474954980
  Maximum K shell     24
  Number of k vectors 608
    CoulombPBCAB::add 
 Setting a linear grid=[0,1.9474954980) number of grid =1948
    Creating the short-range pseudopotential for species 0
  QMCHamiltonian::addOperator LocalECP to H, physical Hamiltonian 

  Using NonLocalECP potential 
    Maximum grid on a sphere for NonLocalECPotential: 12
  QMCHamiltonian::addOperator NonLocalECP to H, physical Hamiltonian 
  ECPotential::Rmax 1.9474954980
QMCHamiltonian::addOperatorType added type pseudo named PseudoPot

  QMCHamiltonian::add2WalkerProperty added
    5 to P::PropertyList 
    0 to P::Collectables 
    starting Index of the observables in P::PropertyList = 9
ParticleSetPool::randomize 
<init source="ion0" target="e">
</init>
  Initialization Execution time = 0.9110 secs
=========================================================
 Summary of QMC systems 
=========================================================
ParticleSetPool has: 

  ParticleSet e : 0 4 8 

    8

    u  8.5015190329e-01  3.2717938638e+00  2.5779552950e+00
    u  3.6744280989e+00  4.2198193039e+00  5.9994661337e+00
    u  2.4190576918e+00  1.5321784576e+00  2.5838114242e+00
    u  2.2672877321e+00  4.9333737875e+00  4.0536620664e+00
    d  6.0231036142e+00  4.2668008700e+00  3.5823230980e+00
    d  4.2210529104e+00  3.9846463392e+00  6.2242577798e+00
    d  1.3956435858e+00  5.5953314440e-01  1.5840832836e+00
    d  9.6063238920e-01  2.2305057414e+00  2.4231473284e+00

  ParticleSet ion0 : 0 2 

    2

    C  0.0000000000e+00  0.0000000000e+00  0.0000000000e+00
    C  1.6865805750e+00  1.6865805750e+00  1.6865805750e+00

  Hamiltonian h0
  Kinetic         Kinetic energy
  ElecElec        CoulombPBCAA potential: e_e
  IonIon          CoulombPBCAA potential: ion0_ion0
  LocalECP        CoulombPBCAB potential source: ion0
  NonLocalECP     NonLocalECPotential: ion0

=========================================================
  Start VMCSingleOMP
  File Root qmc_short_vmc_dmc.s000 append = no 
=========================================================
  Adding 16 walkers to 0 existing sets
  Total number of walkers: 1.6000000000e+01
  Total weight: 1.6000000000e+01
  Resetting Properties of the walkers 1 x 14

<vmc function="put">
  qmc_counter=0  my_counter=0
  time step      = 1.0000000000e+00
  blocks         = 2
  steps          = 1
  substeps       = 1
  current        = 0
  target samples = 0.0000000000e+00
  walkers/mpi    = 16

  stepsbetweensamples = 3
<parameter name="blocks" condition="int">2</parameter>
<parameter name="blocks_between_recompute" condition="int">0</parameter>
<parameter name="check_properties" condition="int">100</parameter>
<parameter name="checkproperties" condition="int">100</parameter>
<parameter name="current" condition="int">0</parameter>
<parameter name="dmcwalkersperthread" condition="real">0.0000000000e+00</parameter>
<parameter name="maxcpusecs" condition="real">3.6000000000e+05</parameter>
<parameter name="record_configs" condition="int">0</parameter>
<parameter name="record_walkers" condition="int">3</parameter>
<parameter name="recordconfigs" condition="int">0</parameter>
<parameter name="recordwalkers" condition="int">3</parameter>
<parameter name="rewind" condition="int">0</parameter>
<parameter name="samples" condition="real">0.0000000000e+00</parameter>
<parameter name="samplesperthread" condition="real">0.0000000000e+00</parameter>
<parameter name="steps" condition="int">1</parameter>
<parameter name="stepsbetweensamples" condition="int">3</parameter>
<parameter name="store_configs" condition="int">0</parameter>
<parameter name="storeconfigs" condition="int">0</parameter>
<parameter name="sub_steps" condition="int">1</parameter>
<parameter name="substeps" condition="int">1</parameter>
<parameter name="tau" condition="au">1.0000000000e+00</parameter>
<parameter name="time_step" condition="au">1.0000000000e+00</parameter>
<parameter name="timestep" condition="au">1.0000000000e+00</parameter>
<parameter name="use_drift" condition="string">no</parameter>
<parameter name="usedrift" condition="string">no</parameter>
<parameter name="walkers" condition="int">16</parameter>
<parameter name="warmup_steps" condition="int">100</parameter>
<parameter name="warmupsteps" condition="int">100</parameter>
  DumpConfig==false Nothing (configurations, state) will be saved.
  Walker Samples are dumped every 3 steps.
</vmc>
  CloneManager::makeClones makes 16 clones for W/Psi/H.
  Cloning methods for both Psi and H are used
===== Memory Usage before cloning =====
Available memory on node 0, free + buffers : 2538 MB
Memory footprint by rank 0 on node 0       : 38 MB
==================================================
===== Memory Usage after cloning =====
Available memory on node 0, free + buffers : 2535 MB
Memory footprint by rank 0 on node 0       : 38 MB
==================================================
  Initial partition of walkers 0 1 2 3 4 5 6 7 8 9 10 11 12 13 14 15 16 

  Using Particle by Particle moves
  Walker moves without drift
  Total Sample Size   =0
  Walker distribution on root = 0 1 2 3 4 5 6 7 8 9 10 11 12 13 14 15 16 
  Using Locality Approximation
===== Memory Usage after the buffer registration =====
Available memory on node 0, free + buffers : 2535 MB
Memory footprint by rank 0 on node 0       : 38 MB
==================================================
  Anonymous Buffer size per walker : 2272 Bytes.
MEMORY increase 0 MB VMCSingleOMP::resetRun
====================================================
  SimpleFixedNodeBranch::finalize after a VMC block
    QMC counter        = 0
    time step          = 1
    reference energy   = -10.488
    reference variance = 0.392675
====================================================
  QMC Execution time = 1.0176e+01 secs 
Creating DMCMP for the qmc driver

=========================================================
  Start DMCOMP
  File Root qmc_short_vmc_dmc.s001 append = no 
=========================================================
Using existing walkers 
  Resetting Properties of the walkers 1 x 14
  EstimatorManagerBase::add replace LocalEnergy estimator.
  Cannot make clones again. Use existing 16 clones
  Total number of walkers: 1.6000e+01
  Total weight: 1.6000e+01
  Creating WalkerController: target  number of walkers = 32
  Using WalkerControlBase for dynamic population control.
  START ALL OVER 
  WalkerControlBase parameters 
    maxCopy = 2
    Max Walkers per node 65
    Min Walkers per node 7
    Using non-blocking send/recv
  QMC counter      = 1
  time step        = 5.0000e-03
  effective time step = 5.0000e-03
  trial energy     = -1.0488e+01
  reference energy = -1.0488e+01
  Feedback = 1.0000e+00
  reference variance = 3.9268e-01
  target walkers = 32
  branching cutoff scheme classic
  branch cutoff = 5.0000e+01 7.5000e+01
  Max and minimum walkers per node= 65 7
  QMC Status (BranchMode) = 0000001101
  Total number of walkers: 3.2000e+01
  Total weight: 3.2000e+01
  Initial partition of walkers on a node: 0 2 4 6 8 10 12 14 16 18 20 22 24 26 28 30 32 
  Updates by particle-by-particle moves
  DMC moves are rejected when a node crossing is detected
  Using Locality Approximation
===== Memory Usage after the buffer registration =====
Available memory on node 0, free + buffers : 2532 MB
Memory footprint by rank 0 on node 0       : 38 MB
==================================================
SimpleFixedNodeBranch::checkParameters 
  Average Energy of a population  = -10.5889
  Energy Variance = 0.229856

  Fluctuating population
  Persistent walkers are killed after 1 MC sweeps
  BranchInterval = 1
  Steps per block = 10
  Number of blocks = 100

  DMC Engine Initialization = 2.7801e-01 secs 

 Warmup is completed after 20

  TauEff     = 4.9659e-03
 TauEff/Tau = 9.9318e-01
  Etrial     = -1.0628e+01
 Running average of energy = -1.0600e+01
                  Variance = 3.3206e-01
branch cutoff = 1.0000e+01 1.5000e+01
