  Input file(s): NiO-vmc-dmc-ref.xml 

=====================================================
                    QMCPACK 3.5.0 

       (c) Copyright 2003-  QMCPACK developers

                    Please cite:
 J. Kim et al. J. Phys. Cond. Mat. 30 195901 (2018)
      https://doi.org/10.1088/1361-648X/aab9c3

  Git branch: HEAD
  Last git commit: 1009b07ad6fa873d71a0755747e6a7f610eb169b
  Last git commit date: Wed Aug 1 17:48:30 2018 -0500
  Last git commit subject: Merge pull request #950 from QMCPACK/rc_350
=====================================================
  Global options 

  MPI Nodes            = 128
  MPI Nodes per group  = 128
  MPI Group ID         = 0
  OMP_NUM_THREADS      = 64

  Precision used in this calculation, see definitions in the manual:
  Base precision      = double
  Full precision      = double

  Input XML = NiO-vmc-dmc-ref.xml

  Project = NiO-fcc-S1-vmc-dmc
  date    = 2018-12-15 14:35:15 CST
  host    = nid01114

 Random Number
 -------------
  Offset for the random number seeds based on time: 387

  Range of prime numbers to use as seeds over processors and threads = 2683-88589


 Lattice
 -------
  Simulation cell radius   = 2.376241 bohr
  Wigner-Seitz cell radius = 2.786390 bohr

 Unit Cell
 ---------
  Lattice (bohr):      3.9405500000      3.9405500000      7.8811000000
                       7.8811000000      3.9405500000      3.9405500000
                       3.9405500000      7.8811000000      3.9405500000

  Boundary Conditions:  p  p  p 

  Volume (bohr^3) = 244.7544060629

  Reciprocal vectors without 2*pi.
    g_1 =      -0.0634429204     -0.0634429204      0.1903287612
    g_2 =       0.1903287612     -0.0634429204     -0.0634429204
    g_3 =      -0.0634429204      0.1903287612     -0.0634429204

  Metric tensor in real-space.
    h_1 = 93.1676058150 77.6396715125 77.6396715125 
    h_2 = 77.6396715125 93.1676058150 77.6396715125 
    h_3 = 77.6396715125 77.6396715125 93.1676058150 

  Metric tensor in g-space.
    h_1 = 1.7479087414 -0.7945039734 -0.7945039734 
    h_2 = -0.7945039734 1.7479087414 -0.7945039734 
    h_3 = -0.7945039734 -0.7945039734 1.7479087414 

 Particle Set 
 ------------
  Name: i
  Initializing the lattice by the global supercell
  All the species have the same mass 1.0000000000
  Long-range breakup parameters:
    rc*kc = 15.0000000000; rc = 2.3762410578; kc = 6.3124908776

  Creating Structure Factor for periodic systems 6.3124908776
  KContainer initialised with cutoff 6.3124908776
   # of K-shell  = 53
   # of K points = 1032

  Particle set size: 4

 Particle Set 
 ------------
  Name: e
  Initializing the lattice by the global supercell
  All the species have the same mass 1.0000000000
  Long-range breakup parameters:
    rc*kc = 15.0000000000; rc = 2.3762410578; kc = 6.3124908776

  Creating Structure Factor for periodic systems 6.3124908776
  KContainer initialised with cutoff 6.3124908776
   # of K-shell  = 53
   # of K points = 1032

  Particle set size: 48

 Wavefunction setup: 
 ------------------- 
  Name: psi0
  Created SPOSet builder named 'einspline' of type einspline
Reuse SPOSetBuilder "einspline" type einspline
  Building SPOSet '' with '' basis set.

  Distance table for similar particles (A-A):
    source/target: e
    Using structure-of-arrays (SoA) data layout
    Distance computations use general periodic cell in 3D with corner image checks.


  Distance table for dissimilar particles (A-B):
    source: i  target: e
    Using structure-of-arrays (SoA) data layout
    Distance computations use general periodic cell in 3D with corner image checks.


  Distance table for similar particles (A-A):
    source/target: i
    Using structure-of-arrays (SoA) data layout
    Distance computations use general periodic cell in 3D with corner image checks.

  TileMatrix = 
 [  1  0  0
    1  0  1
    1  1  0 ]
  Reading 24 orbitals from HDF5 file.
  HDF5 orbital file version 2.1.0
  Reading orbital file in ESHDF format.
  ESHDF orbital file version 2.1.0
  Lattice = 
    [  3.940550  3.940550  7.881100
       0.000000  3.940550 -3.940550
       3.940550  0.000000 -3.940550 ]
  SuperLattice = 
    [  3.940550  3.940550  7.881100
       7.881100  3.940550  3.940550
       3.940550  7.881100  3.940550 ]
bands=29, elecs=48, spins=2, twists=1, muffin tins=0, core states=0
atomic orbital=0
Atom type(0) = 8
Atom type(1) = 8
Atom type(2) = 28
Atom type(3) = 28
   Skip initialization of the density
TIMER  EinsplineSetBuilder::ReadOrbitalInfo 0.0814139843
TIMER  EinsplineSetBuilder::BroadcastOrbitalInfo 0.0003180504
Found 1 distinct supercell twists.
number of things
1
1
Super twist #0:  [   0.00000   0.00000   0.00000 ]
  Using supercell twist 0:  [   0.00000   0.00000   0.00000]
Using 1 copies of twist angle [-0.000, -0.000, -0.000]
Using real orbitals.
Sorting the bands now:
We will read 24 distinct orbitals.
There are 0 core states and 24 valence states.
BandInfoGroup::selectBands bigspace has 29 distinct orbitals 
BandInfoGroup::selectBands using distinct orbitals [0,24)
  Number of distinct bands 24
  First Band index 0
  First SPO index 0
  Size of SPOs 24
  AdoptorName = SplineR2RSoAAdoptor
  Using real einspline table
  Can use SoA implementation for mGL
NumDistinctOrbitals 24 numOrbs = 24
  TwistIndex = 0 TwistAngle      -0.0000000000     -0.0000000000     -0.0000000000
   HalfG =                  0                 0                 0
B-spline mesh factor is 0.9000000000
B-spline mesh size is (108, 62, 62)
Maxmimum number of Gvecs 33087
  Using meshsize=               108                62                62
  vs input meshsize=               108                62                62
Start transforming plane waves to 3D B-Splines.
  Time to gather the table = 0.2227451801
  Time to bcast the table = 0.0782048702
  SplineAdoptorReader initialize_spline_pio 0.5899558067 sec
MEMORY increase 57 MB BsplineSetReader
  MEMORY allocated SplineAdoptorReader 57 MB
TIMER  EinsplineSetBuilder::ReadBands 1.0318849087
Reuse SPOSetBuilder "einspline" type einspline
  Building SPOSet '' with '' basis set.
Sorting the bands now:
We will read 24 distinct orbitals.
There are 0 core states and 24 valence states.
BandInfoGroup::selectBands bigspace has 29 distinct orbitals 
BandInfoGroup::selectBands using distinct orbitals [0,24)
  Number of distinct bands 24
  First Band index 0
  First SPO index 0
  Size of SPOs 24
  AdoptorName = SplineR2RSoAAdoptor
  Using real einspline table
  Can use SoA implementation for mGL
NumDistinctOrbitals 24 numOrbs = 24
  TwistIndex = 0 TwistAngle      -0.0000000000     -0.0000000000     -0.0000000000
   HalfG =                  0                 0                 0
B-spline mesh factor is 0.9000000000
B-spline mesh size is (108, 62, 62)
Maxmimum number of Gvecs 33087
  Using meshsize=               108                62                62
  vs input meshsize=               108                62                62
Start transforming plane waves to 3D B-Splines.
  Time to gather the table = 0.2094159126
  Time to bcast the table = 0.0785019398
  SplineAdoptorReader initialize_spline_pio 0.4973008633 sec
MEMORY increase 57 MB BsplineSetReader
  MEMORY allocated SplineAdoptorReader 57 MB
TIMER  EinsplineSetBuilder::ReadBands 0.6653289795
  Creating a determinant updet group=0 sposet=updet
  Reusing a SPO set updet
Using DiracDeterminantBase 

  Creating a determinant downdet group=1 sposet=downdet
  Reusing a SPO set downdet
Using DiracDeterminantBase 

  FermionWF = SlaterDet
  BsplineJastrowBuilder adds a functor with cusp = -0.2500000000
 size = 10 parameters 
 cusp = -0.2500000000
 rcut = 2.7863896266
Parameter     Name      Value
uu_0 0.2333587476 1 1  ON 0
uu_1 0.1830945437 1 1  ON 1
uu_2 0.1410990841 1 1  ON 2
uu_3 0.1066312951 1 1  ON 3
uu_4 0.0789047595 1 1  ON 4
uu_5 0.0563690279 1 1  ON 5
uu_6 0.0379767331 1 1  ON 6
uu_7 0.0231722468 1 1  ON 7
uu_8 0.0116099412 1 1  ON 8
uu_9 0.0046977300 1 1  ON 9
  BsplineJastrowBuilder adds a functor with cusp = -0.5000000000
 size = 10 parameters 
 cusp = -0.5000000000
 rcut = 2.7863896266
Parameter     Name      Value
ud_0 0.3367887154 1 1  ON 0
ud_1 0.2383948429 1 1  ON 1
ud_2 0.1735912697 1 1  ON 2
ud_3 0.1288254442 1 1  ON 3
ud_4 0.0948123549 1 1  ON 4
ud_5 0.0673714848 1 1  ON 5
ud_6 0.0449225480 1 1  ON 6
ud_7 0.0269948986 1 1  ON 7
ud_8 0.0133612095 1 1  ON 8
ud_9 0.0052370590 1 1  ON 9

  Using BsplineBuilder for one-body jastrow with B-spline functions
 size = 10 parameters 
 cusp = 0.0000000000
 rcut = 2.7863896266
Parameter     Name      Value
O_0 -0.3323098724 1 1  ON 0
O_1 -0.3120385844 1 1  ON 1
O_2 -0.2798734518 1 1  ON 2
O_3 -0.2368735567 1 1  ON 3
O_4 -0.1908385684 1 1  ON 4
O_5 -0.1497975113 1 1  ON 5
O_6 -0.1170291672 1 1  ON 6
O_7 -0.0824761384 1 1  ON 7
O_8 -0.0503567233 1 1  ON 8
O_9 -0.0264513590 1 1  ON 9
 size = 10 parameters 
 cusp = 0.0000000000
 rcut = 2.7863896266
Parameter     Name      Value
Ni_0 -1.6833826960 1 1  ON 0
Ni_1 -1.6121192120 1 1  ON 1
Ni_2 -1.4489338840 1 1  ON 2
Ni_3 -1.2112505210 1 1  ON 3
Ni_4 -0.9510940127 1 1  ON 4
Ni_5 -0.7029612381 1 1  ON 5
Ni_6 -0.4846516623 1 1  ON 6
Ni_7 -0.3038032890 1 1  ON 7
Ni_8 -0.1618688927 1 1  ON 8
Ni_9 -0.0726307219 1 1  ON 9
  QMCHamiltonian::addOperator Kinetic to H, physical Hamiltonian 

  ECPotential builder for pseudopotential 

  Adding pseudopotential for O
   Linear grid  ri=0.0000000000 rf=10.0000000000 npts = 10001
    ECPComponentBuilder::buildSemiLocalAndLocal 
    Assuming Hartree unit
   Number of angular momentum channels 2
   Maximum angular momentum channel 1
   Creating a Linear Grid Rmax=0.9272910000
  Using global grid with delta = 0.0010000000
   Making L=0 a local potential with a radial cutoff of 9.9990000000
    Non-local pseudopotential parameters
    Maximum angular mementum = 1
    Number of non-local channels = 1
       l(0)=1
    Cutoff radius = 0.9280000000
    Spherical grids and weights: 
             1.0000000000      0.0000000000      0.0000000000        0.0833333333
            -1.0000000000      0.0000000000      0.0000000000        0.0833333333
             0.4472135955      0.8944271910      0.0000000000        0.0833333333
            -0.4472135955      0.7236067977      0.5257311121        0.0833333333
             0.4472135955      0.2763932023      0.8506508084        0.0833333333
            -0.4472135955     -0.2763932023      0.8506508084        0.0833333333
             0.4472135955     -0.7236067977      0.5257311121        0.0833333333
            -0.4472135955     -0.8944271910      0.0000000000        0.0833333333
             0.4472135955     -0.7236067977     -0.5257311121        0.0833333333
            -0.4472135955     -0.2763932023     -0.8506508084        0.0833333333
             0.4472135955      0.2763932023     -0.8506508084        0.0833333333
            -0.4472135955      0.7236067977     -0.5257311121        0.0833333333
    Maximum cutoff radius 0.9280000000

  Adding pseudopotential for Ni
   Linear grid  ri=0.0000000000 rf=10.0000000000 npts = 10001
    ECPComponentBuilder::buildSemiLocalAndLocal 
    Assuming Hartree unit
   Number of angular momentum channels 3
   Maximum angular momentum channel 2
   Creating a Linear Grid Rmax=0.8024580000
  Using global grid with delta = 0.0010000000
   Making L=1 a local potential with a radial cutoff of 9.9990000000
    Non-local pseudopotential parameters
    Maximum angular mementum = 2
    Number of non-local channels = 2
       l(0)=0
       l(1)=2
    Cutoff radius = 0.8030000000
    Spherical grids and weights: 
             1.0000000000      0.0000000000      0.0000000000        0.0833333333
            -1.0000000000      0.0000000000      0.0000000000        0.0833333333
             0.4472135955      0.8944271910      0.0000000000        0.0833333333
            -0.4472135955      0.7236067977      0.5257311121        0.0833333333
             0.4472135955      0.2763932023      0.8506508084        0.0833333333
            -0.4472135955     -0.2763932023      0.8506508084        0.0833333333
             0.4472135955     -0.7236067977      0.5257311121        0.0833333333
            -0.4472135955     -0.8944271910      0.0000000000        0.0833333333
             0.4472135955     -0.7236067977     -0.5257311121        0.0833333333
            -0.4472135955     -0.2763932023     -0.8506508084        0.0833333333
             0.4472135955      0.2763932023     -0.8506508084        0.0833333333
            -0.4472135955      0.7236067977     -0.5257311121        0.0833333333
    Maximum cutoff radius 0.8030000000

  Creating CoulombHandler with the optimal breakup. 
  KContainer initialised with cutoff 30.1340577923
   # of K-shell  = 1194
   # of K points = 113300

  NUMBER OF OPT_BREAK KVECS = 66536778358
 finding kc:  6.3124908776 , -1.0000000000
  LRBreakp parameter Kc =6.3124908776
    Continuum approximation in k = [30.1340577923,2524.9963510338)

   LR Breakup chi^2 = 0.0000000000
   Constant of PBCAB 21.9747216952
  Rcut                2.3762410578
  Maximum K shell     52
  Number of k vectors 1032
    CoulombPBCAB::add 
 Setting a linear grid=[0,2.3762410578) number of grid =2377
    Creating the short-range pseudopotential for species 0
    Creating the short-range pseudopotential for species 1
  QMCHamiltonian::addOperator LocalECP to H, physical Hamiltonian 

  Using NonLocalECP potential 
    Maximum grid on a sphere for NonLocalECPotential: 12
  QMCHamiltonian::addOperator NonLocalECP to H, physical Hamiltonian 
QMCHamiltonian::addOperatorType added type pseudo named PseudoPot
  Clone CoulombHandler. 
   PBCAA self-interaction term -459.2503311979
   PBCAA total constant -470.2376920455
  Maximum K shell 52
  Number of k vectors 1032
  Fixed Coulomb potential for i
    e-e Madelung Const. =-0.1961050056
    Vtot     =-239.2981424753
  QMCHamiltonian::addOperator IonIon to H, physical Hamiltonian 
QMCHamiltonian::addOperatorType added type coulomb named IonIon
  Clone CoulombHandler. 
   PBCAA self-interaction term -30.6166887465
   PBCAA total constant -41.6040495941
  Maximum K shell 52
  Number of k vectors 1032
  Fixed Coulomb potential for e
    e-e Madelung Const. =-0.1961050056
    Vtot     =0.0000000000
  QMCHamiltonian::addOperator ElecElec to H, physical Hamiltonian 
QMCHamiltonian::addOperatorType added type coulomb named ElecElec

  QMCHamiltonian::add2WalkerProperty added
    5 to P::PropertyList 
    0 to P::Collectables 
    starting Index of the observables in P::PropertyList = 9
ParticleSetPool::randomize 
<init source="i" target="e">
</init>
  Initialization Execution time = 5.1347 secs
=========================================================
 Summary of QMC systems 
=========================================================
ParticleSetPool has: 

  ParticleSet e : 0 24 48 

    48

    u  7.6638782460e+00  7.7857276949e+00  1.0263385478e+01
    u  8.5521433550e+00  1.0544525207e+01  8.5160193395e+00
    u  3.3790938841e+00  3.0942877572e+00  5.1459863254e+00
    u  1.2612599296e+01  1.1104580038e+01  1.2981253108e+01
    u  6.8432513696e+00  5.0954013303e+00  8.1525002831e+00
    u  5.2682370851e+00  7.0840639089e+00  7.5870762562e+00
    u  4.3760532485e+00  4.8398563650e+00  6.6620616615e+00
    u  9.2663729825e+00  1.2289271969e+01  1.2410562512e+01
    u  4.1693470613e+00  3.7806175514e+00  6.3297963530e+00
    u  1.1137946843e+01  1.0407532435e+01  8.0125952277e+00
    (... and 38 more particle positions ...)

  ParticleSet i : 0 2 4 

    4

    O  3.9405500000e+00  3.9405500000e+00  3.9405500000e+00
    O  1.1821650000e+01  1.1821650000e+01  1.1821650000e+01
    Ni  0.0000000000e+00  0.0000000000e+00  0.0000000000e+00
    Ni  7.8811000000e+00  7.8811000000e+00  7.8811000000e+00

  Hamiltonian h0
  Kinetic         Kinetic energy
  LocalECP        CoulombPBCAB potential source: i
  NonLocalECP     NonLocalECPotential: i
  IonIon          CoulombPBCAA potential: i_i
  ElecElec        CoulombPBCAA potential: e_e

=========================================================
  Start VMCSingleOMP
  File Root NiO-fcc-S1-vmc-dmc.s001 append = no 
=========================================================
  Adding 64 walkers to 0 existing sets
  Total number of walkers: 8.1920000000e+03
  Total weight: 8.1920000000e+03
  Resetting Properties of the walkers 1 x 14

<vmc function="put">
  qmc_counter=0  my_counter=0
  time step      = 1.0000000000e+00
  blocks         = 5
  steps          = 16
  substeps       = 4
  current        = 0
  target samples = 3.2768000000e+04
  walkers/mpi    = 64

  stepsbetweensamples = 20
<parameter name="blocks" condition="int">5</parameter>
<parameter name="blocks_between_recompute" condition="int">0</parameter>
<parameter name="check_properties" condition="int">100</parameter>
<parameter name="checkproperties" condition="int">100</parameter>
<parameter name="current" condition="int">0</parameter>
<parameter name="dmcwalkersperthread" condition="real">4.0000000000e+00</parameter>
<parameter name="maxcpusecs" condition="real">3.6000000000e+05</parameter>
<parameter name="record_configs" condition="int">0</parameter>
<parameter name="record_walkers" condition="int">20</parameter>
<parameter name="recordconfigs" condition="int">0</parameter>
<parameter name="recordwalkers" condition="int">20</parameter>
<parameter name="rewind" condition="int">0</parameter>
<parameter name="samples" condition="real">3.2768000000e+04</parameter>
<parameter name="samplesperthread" condition="real">4.0000000000e+00</parameter>
<parameter name="steps" condition="int">16</parameter>
<parameter name="stepsbetweensamples" condition="int">20</parameter>
<parameter name="store_configs" condition="int">0</parameter>
<parameter name="storeconfigs" condition="int">0</parameter>
<parameter name="sub_steps" condition="int">4</parameter>
<parameter name="substeps" condition="int">4</parameter>
<parameter name="tau" condition="au">1.0000000000e+00</parameter>
<parameter name="time_step" condition="au">1.0000000000e+00</parameter>
<parameter name="timestep" condition="au">1.0000000000e+00</parameter>
<parameter name="use_drift" condition="string">yes</parameter>
<parameter name="usedrift" condition="string">yes</parameter>
<parameter name="walkers" condition="int">64</parameter>
<parameter name="warmup_steps" condition="int">5</parameter>
<parameter name="warmupsteps" condition="int">5</parameter>
  DumpConfig==false Nothing (configurations, state) will be saved.
  Walker Samples are dumped every 20 steps.
</vmc>
  CloneManager::makeClones makes 64 clones for W/Psi/H.
  Cloning methods for both Psi and H are used
===== Memory Usage before cloning =====
Available memory on node 0, free + buffers : 186758 MB
Memory footprint by rank 0 on node 0       : 194 MB
==================================================
===== Memory Usage after cloning =====
Available memory on node 0, free + buffers : 186713 MB
Memory footprint by rank 0 on node 0       : 215 MB
==================================================
  Initial partition of walkers 0 1 2 3 4 5 6 7 8 9 10 11 12 13 14 15 16 17 18 19 20 21 22 23 24 25 26 27 28 29 30 31 32 33 34 35 36 37 38 39 40 41 42 43 44 45 46 47 48 49 50 51 52 53 54 55 56 57 58 59 60 61 62 63 64 

  Using Particle by Particle moves
  Walker moves with drift
  Total Sample Size   =32768
  Walker distribution on root = 0 1 2 3 4 5 6 7 8 9 10 11 12 13 14 15 16 17 18 19 20 21 22 23 24 25 26 27 28 29 30 31 32 33 34 35 36 37 38 39 40 41 42 43 44 45 46 47 48 49 50 51 52 53 54 55 56 57 58 59 60 61 62 63 64 
  Using Locality Approximation
===== Memory Usage after the buffer registration =====
Available memory on node 0, free + buffers : 186704 MB
Memory footprint by rank 0 on node 0       : 230 MB
==================================================
  Anonymous Buffer size per walker : 52832 Bytes.
MEMORY increase 3 MB VMCSingleOMP::resetRun
====================================================
  SimpleFixedNodeBranch::finalize after a VMC block
    QMC counter        = 0
    time step          = 1
    reference energy   = -370.792
    reference variance = 12.2269
====================================================
  QMC Execution time = 1.8344e+00 secs 
Creating DMCMP for the qmc driver

=========================================================
  Start DMCOMP
  File Root NiO-fcc-S1-vmc-dmc.s002 append = no 
=========================================================
Using existing walkers 
  Resetting Properties of the walkers 1 x 14
  EstimatorManagerBase::add replace LocalEnergy estimator.
  Cannot make clones again. Use existing 64 clones
  Total number of walkers: 3.2768e+04
  Total weight: 3.2768e+04
  Creating WalkerController: target  number of walkers = 32768
  Using WalkerControlMPI for dynamic population control.
  START ALL OVER 
  WalkerControlBase parameters 
    maxCopy = 2
    Max Walkers per MPI rank 513
    Min Walkers per MPI rank 52
    Using non-blocking send/recv
  QMC counter      = 1
  time step        = 1.0000e-02
  effective time step = 1.0000e-02
  trial energy     = -3.7079e+02
  reference energy = -3.7079e+02
  Feedback = 1.0000e+00
  reference variance = 1.2227e+01
  target walkers = 32768
  branching cutoff scheme classic
  branch cutoff = 1.2227e+02 1.8340e+02
  Max and minimum walkers per node= 513 52
  QMC Status (BranchMode) = 0000001101
  Initial partition of walkers on a node: 0 4 8 12 16 20 24 28 32 36 40 44 48 52 56 60 64 68 72 76 80 84 88 92 96 100 104 108 112 116 120 124 128 132 136 140 144 148 152 156 160 164 168 172 176 180 184 188 192 196 200 204 208 212 216 220 224 228 232 236 240 244 248 252 256 
  Updates by particle-by-particle moves
  DMC moves are rejected when a node crossing is detected
  Using Locality Approximation
===== Memory Usage after the buffer registration =====
Available memory on node 0, free + buffers : 186305 MB
Memory footprint by rank 0 on node 0       : 232 MB
==================================================
SimpleFixedNodeBranch::checkParameters 
  Average Energy of a population  = -370.799
  Energy Variance = 12.7457

  Fluctuating population
  Persistent walkers are killed after 1 MC sweeps
  BranchInterval = 1
  Steps per block = 40
  Number of blocks = 100

  DMC Engine Initialization = 3.3854e-02 secs 

 Warmup is completed after 100

  TauEff     = 9.5988e-03
 TauEff/Tau = 9.5988e-01
  Etrial     = -3.7121e+02
 Running average of energy = -3.7125e+02
                  Variance = 1.3233e+01
branch cutoff = 1.3233e+02 1.9850e+02
====================================================
  SimpleFixedNodeBranch::finalize after a DMC block
    QMC counter                   = 1
    time step                     = 0.01
    effective time step           = 0.009599
    trial energy                  = -371.321
    reference energy              = -371.322
    reference variance            = 13.2331
    target walkers                = 32768
    branch cutoff                 = 132.331 198.496
    Max and minimum walkers per node= 513 52
    Feedback                      = 1
    QMC Status (BranchMode)       = 0000001111
====================================================
  QMC Execution time = 1.3463e+02 secs 
  Reusing DMCOMP
BRANCH resetRun
 SimpleFixedNodeBranch::resetRun detected changes in <parameter>'s 
 BranchMode : 0000001111 0000001111
  WalkerControlBase parameters 
    maxCopy = 2
    Max Walkers per MPI rank 513
    Min Walkers per MPI rank 52
    Using non-blocking send/recv
 iParam (old): 0                 1                 1                 32768             513               52                1                 0                 
 iParam (new): 100               1                 1                 32768             513               52                1                 0                 
 vParam (old): 1.0000000000e-02  9.5989967916e-03  -3.7132055109e+02 -3.7132226154e+02 -3.7132436359e+02 1.9849592430e+02  1.3233061620e+02  1.5113660447e-02  1.3233061620e+01  -1.4485281444e+06 3.9010000000e+03  1.0000000000e+00  1.0000000000e+01  1.0000000000e+00  1.0000000000e+00  1.0000000000e+00  1.0000000000e+00  
 vParam (new): 1.0000000000e-02  9.5989967916e-03  -3.7132055109e+02 -3.7132226154e+02 -3.7132436359e+02 1.9849592430e+02  1.3233061620e+02  1.5113660447e-02  1.3233061620e+01  -1.4485281444e+06 3.9010000000e+03  1.0000000000e+00  1.0000000000e+01  1.0000000000e+00  1.0000000000e+00  1.0000000000e+00  1.0000000000e+00  

 Using branching cutoff scheme classic
SimpleFixedNodeBranch::checkParameters 
  Average Energy of a population  = -371.325
  Energy Variance = 13.0047

  Using Non-local T-moves v0, M. Casula, PRB 74, 161102(R) (2006)
===== Memory Usage after the buffer registration =====
Available memory on node 0, free + buffers : 186265 MB
Memory footprint by rank 0 on node 0       : 249 MB
==================================================

=========================================================
  Start DMCOMP
  File Root NiO-fcc-S1-vmc-dmc.s003 append = no 
=========================================================
Using existing walkers 
  Resetting Properties of the walkers 1 x 14
  EstimatorManagerBase::add replace LocalEnergy estimator.
  Cannot make clones again. Use existing 64 clones
SimpleFixedNodeBranch::checkParameters 
  Average Energy of a population  = -371.323
  Energy Variance = 12.9183

  Fluctuating population
  Persistent walkers are killed after 1 MC sweeps
  BranchInterval = 1
  Steps per block = 40
  Number of blocks = 100

  DMC Engine Initialization = 5.6290626526e-04 secs 

 Warmup is completed after 100

  TauEff     = 9.5971208950e-03
 TauEff/Tau = 9.5971208950e-01
  Etrial     = -3.7127953135e+02
 Running average of energy = -3.7128533673e+02
                  Variance = 1.3390531678e+01
branch cutoff = 1.3390531678e+02 2.0085797518e+02
====================================================
  SimpleFixedNodeBranch::finalize after a DMC block
    QMC counter                   = 2
    time step                     = 0.01
    effective time step           = 0.0095969
    trial energy                  = -371.295
    reference energy              = -371.288
    reference variance            = 13.3905
    target walkers                = 32768
    branch cutoff                 = 133.905 200.858
    Max and minimum walkers per node= 513 52
    Feedback                      = 1
    QMC Status (BranchMode)       = 0000001111
====================================================
  QMC Execution time = 1.2998e+02 secs 
  Reusing DMCOMP
BRANCH resetRun
 SimpleFixedNodeBranch::resetRun detected changes in <parameter>'s 
 BranchMode : 0000001111 0000001111
  WalkerControlBase parameters 
    maxCopy = 2
    Max Walkers per MPI rank 513
    Min Walkers per MPI rank 52
    Using non-blocking send/recv
 iParam (old): 0                 1                 2                 32768             513               52                1                 0                 
 iParam (new): 100               1                 2                 32768             513               52                1                 0                 
 vParam (old): 1.0000000000e-02  9.5969016092e-03  -3.7129533133e+02 -3.7128767032e+02 -3.7124235540e+02 2.0085797518e+02  1.3390531678e+02  1.4935926728e-02  1.3390531678e+01  -1.4483931566e+06 3.9010000000e+03  1.0000000000e+00  1.0000000000e+01  1.0000000000e+00  1.0000000000e+00  1.0000000000e+00  1.0000000000e+00  
 vParam (new): 1.0000000000e-02  9.5969016092e-03  -3.7129533133e+02 -3.7128767032e+02 -3.7124235540e+02 2.0085797518e+02  1.3390531678e+02  1.4935926728e-02  1.3390531678e+01  -1.4483931566e+06 3.9010000000e+03  1.0000000000e+00  1.0000000000e+01  1.0000000000e+00  1.0000000000e+00  1.0000000000e+00  1.0000000000e+00  

 Using branching cutoff scheme classic
SimpleFixedNodeBranch::checkParameters 
  Average Energy of a population  = -371.233
  Energy Variance = 13.6377

  Using Non-local T-moves v1, M. Casula et al., JCP 132, 154113 (2010)
===== Memory Usage after the buffer registration =====
Available memory on node 0, free + buffers : 186304 MB
Memory footprint by rank 0 on node 0       : 256 MB
==================================================

=========================================================
  Start DMCOMP
  File Root NiO-fcc-S1-vmc-dmc.s004 append = no 
=========================================================
Using existing walkers 
  Resetting Properties of the walkers 1 x 14
  EstimatorManagerBase::add replace LocalEnergy estimator.
  Cannot make clones again. Use existing 64 clones
SimpleFixedNodeBranch::checkParameters 
  Average Energy of a population  = -371.242
  Energy Variance = 15.7961

  Fluctuating population
  Persistent walkers are killed after 1 MC sweeps
  BranchInterval = 1
  Steps per block = 40
  Number of blocks = 100

  DMC Engine Initialization = 5.4097175598e-04 secs 

 Warmup is completed after 100

  TauEff     = 9.5951453110e-03
 TauEff/Tau = 9.5951453110e-01
  Etrial     = -3.7127803828e+02
 Running average of energy = -3.7128174505e+02
                  Variance = 1.3671364037e+01
branch cutoff = 1.3671364037e+02 2.0507046056e+02
====================================================
  SimpleFixedNodeBranch::finalize after a DMC block
    QMC counter                   = 3
    time step                     = 0.01
    effective time step           = 0.00959548
    trial energy                  = -371.298
    reference energy              = -371.284
    reference variance            = 13.6714
    target walkers                = 32768
    branch cutoff                 = 136.714 205.07
    Max and minimum walkers per node= 513 52
    Feedback                      = 1
    QMC Status (BranchMode)       = 0000001111
====================================================
  QMC Execution time = 1.5361e+02 secs 
  Reusing DMCOMP
BRANCH resetRun
 SimpleFixedNodeBranch::resetRun detected changes in <parameter>'s 
 BranchMode : 0000001111 0000001111
  WalkerControlBase parameters 
    maxCopy = 2
    Max Walkers per MPI rank 513
    Min Walkers per MPI rank 52
    Using non-blocking send/recv
 iParam (old): 0                 1                 3                 32768             513               52                1                 0                 
 iParam (new): 100               1                 3                 32768             513               52                1                 0                 
 vParam (old): 1.0000000000e-02  9.5954774396e-03  -3.7129759035e+02 -3.7128401109e+02 -3.7132630975e+02 2.0507046056e+02  1.3671364037e+02  1.4629118166e-02  1.3671364037e+01  -1.4483789696e+06 3.9010000000e+03  1.0000000000e+00  1.0000000000e+01  1.0000000000e+00  1.0000000000e+00  1.0000000000e+00  1.0000000000e+00  
 vParam (new): 1.0000000000e-02  9.5954774396e-03  -3.7129759035e+02 -3.7128401109e+02 -3.7132630975e+02 2.0507046056e+02  1.3671364037e+02  1.4629118166e-02  1.3671364037e+01  -1.4483789696e+06 3.9010000000e+03  1.0000000000e+00  1.0000000000e+01  1.0000000000e+00  1.0000000000e+00  1.0000000000e+00  1.0000000000e+00  

 Using branching cutoff scheme classic
SimpleFixedNodeBranch::checkParameters 
  Average Energy of a population  = -371.32
  Energy Variance = 13.2983

  Using Non-local T-moves v3, an approximation to v1
===== Memory Usage after the buffer registration =====
Available memory on node 0, free + buffers : 186300 MB
Memory footprint by rank 0 on node 0       : 260 MB
==================================================

=========================================================
  Start DMCOMP
  File Root NiO-fcc-S1-vmc-dmc.s005 append = no 
=========================================================
Using existing walkers 
  Resetting Properties of the walkers 1 x 14
  EstimatorManagerBase::add replace LocalEnergy estimator.
  Cannot make clones again. Use existing 64 clones
SimpleFixedNodeBranch::checkParameters 
  Average Energy of a population  = -371.158
  Energy Variance = 277.374

  Fluctuating population
  Persistent walkers are killed after 1 MC sweeps
  BranchInterval = 1
  Steps per block = 40
  Number of blocks = 100

  DMC Engine Initialization = 5.4788589478e-04 secs 

 Warmup is completed after 100

  TauEff     = 9.5940982878e-03
 TauEff/Tau = 9.5940982878e-01
  Etrial     = -3.7140357195e+02
 Running average of energy = -3.7129439942e+02
                  Variance = 1.6799540858e+01
branch cutoff = 1.6799540858e+02 2.5199311287e+02
====================================================
  SimpleFixedNodeBranch::finalize after a DMC block
    QMC counter                   = 4
    time step                     = 0.01
    effective time step           = 0.00959404
    trial energy                  = -371.303
    reference energy              = -371.298
    reference variance            = 16.7995
    target walkers                = 32768
    branch cutoff                 = 167.995 251.993
    Max and minimum walkers per node= 513 52
    Feedback                      = 1
    QMC Status (BranchMode)       = 0000001111
====================================================
  QMC Execution time = 1.0763e+02 secs 
  Total Execution time = 5.2781e+02 secs

=========================================================
  A new xml input file : NiO-fcc-S1-vmc-dmc.s005.cont.xml
Application 10029905 resources: utime ~4123977s, stime ~201843s, Rss ~273672, inblocks ~5063762, outblocks ~6728
