#INFO: **** input file is /gpfs/mira-fs1/projects/catalyst/abenali/test/Spherical/FeCO6.py ****
#!/usr/bin/env python

'''
Gamma point Hartree-Fock/DFT
The 2-electron integrals are computed using Poisson solver with FFT by default.
In most scenario, it should be used with pseudo potential.
'''

# Note import path which is different to molecule code
#from pyscf.pbc import gto, scf, df, dft
from pyscf import gto, df, dft
import  numpy





cell = gto.M(
   atom ='''
             Fe    0.0000013   -0.0000001   -0.0000001
             C     0.0000037   -0.0072194    2.3405884
             O    -0.0000299   -0.0415619    3.4549199
             C     2.3029923   -0.0000137   -0.0000135
             O     3.4182461   -0.0000170   -0.0000168
             C    -2.3029877    0.0000133    0.0000131
             O    -3.4182415    0.0000167    0.0000165
             C    -0.0000019    0.0072196   -2.3405883
             O     0.0000250    0.0415622   -3.4549197
             C    -0.0000028   -2.3369861    0.0065791
             O     0.0000240   -3.4513475    0.0412328
             C     0.0000037    2.3369862   -0.0065788
             O    -0.0000326    3.4513476   -0.0412324
''',
   basis ='bfd-vtz',
   ecp='bfd',
   unit="angstrom",
   spin=4,
   verbose = 5,
   cart = False,
   charge = 2,
)




mf = dft.RKS(cell).density_fit()
#mf = dft.RKS(cell)
mf.xc = 'b3lyp'
#mf.chkfile = 'FeCO6.chk'
#dm = mf.from_chk('FeCO6.chk')
mf.chkfile = 'FeCO6-spherical.chk'
dm = mf.from_chk('FeCO6-spherical.chk')
mf.kernel(dm)
#mf.kernel()

title='FeCO6'
kpts=[]

from PyscfToQmcpack import savetoqmcpack
savetoqmcpack(cell,mf,title=title,kpts=kpts)
#INFO: ******************** input file end ********************


System: uname_result(system='Linux', node='cooleylogin2', release='3.10.0-862.3.2.el7.x86_64', version='#1 SMP Tue May 15 18:22:15 EDT 2018', machine='x86_64', processor='x86_64')  Threads 12
Python 3.5.1 |Anaconda 4.0.0 (64-bit)| (default, Dec  7 2015, 11:16:01) 
[GCC 4.4.7 20120313 (Red Hat 4.4.7-1)]
numpy 1.10.4  scipy 0.17.0
Date: Tue Jun 26 16:19:56 2018
PySCF version 1.5
PySCF path  /soft/applications/pyscf/pyscf
GIT HEAD      ref: refs/heads/master
GIT master branch  f2dbb26d09ae5148fbf5975669a994500ac7a4c9

[CONFIG] conf_file None
[INPUT] verbose = 5
[INPUT] max_memory = 4000 
[INPUT] num. atoms = 13
[INPUT] num. electrons = 74
[INPUT] charge = 2
[INPUT] spin (= nelec alpha-beta = 2S) = 4
[INPUT] symmetry False subgroup None
[INPUT] Mole.unit = angstrom
[INPUT]  1 Fe     0.000001300000  -0.000000100000  -0.000000100000 AA    0.000002456644  -0.000000188973  -0.000000188973 Bohr
[INPUT]  2 C      0.000003700000  -0.007219400000   2.340588400000 AA    0.000006991987  -0.013642688784   4.423071046334 Bohr
[INPUT]  3 O     -0.000029900000  -0.041561900000   3.454919900000 AA   -0.000056502811  -0.078540608217   6.528852393310 Bohr
[INPUT]  4 C      2.302992300000  -0.000013700000  -0.000013500000 AA    4.352024713982  -0.000025889248  -0.000025511303 Bohr
[INPUT]  5 O      3.418246100000  -0.000017000000  -0.000016800000 AA    6.459548955363  -0.000032125344  -0.000031747399 Bohr
[INPUT]  6 C     -2.302987700000   0.000013300000   0.000013100000 AA   -4.352016021242   0.000025133357   0.000024755412 Bohr
[INPUT]  7 O     -3.418241500000   0.000016700000   0.000016500000 AA   -6.459540262622   0.000031558426   0.000031180481 Bohr
[INPUT]  8 C     -0.000001900000   0.007219600000  -2.340588300000 AA   -0.000003590480   0.013643066729  -4.423070857361 Bohr
[INPUT]  9 O      0.000025000000   0.041562200000  -3.454919700000 AA    0.000047243153   0.078541175134  -6.528852015364 Bohr
[INPUT] 10 C     -0.000002800000  -2.336986100000   0.006579100000 AA   -0.000005291233  -4.416263685915   0.012432697146 Bohr
[INPUT] 11 O      0.000024000000  -3.451347500000   0.041232800000 AA    0.000045353427  -6.522101535702   0.077918699349 Bohr
[INPUT] 12 C      0.000003700000   2.336986200000  -0.006578800000 AA    0.000006991987   4.416263874888  -0.012432130228 Bohr
[INPUT] 13 O     -0.000032600000   3.451347600000  -0.041232400000 AA   -0.000061605072   6.522101724675  -0.077917943459 Bohr
[INPUT] ---------------- BASIS SET ---------------- 
[INPUT] l, kappa, [nprim/nctr], expnt,             c_1 c_2 ...
[INPUT] Fe
[INPUT] 0    0    [8    /4   ]  25.882657         -0.010318 0.000341 -0.030967 0.429968
                                14.037755         0.230364 -0.047646 -0.034192 -1.786544
                                9.007794          -0.566551 0.136465 0.383443 1.482641
                                2.06835           0.544437 -0.153371 -1.259192 2.684004
                                0.993498          0.540001 -0.288555 -0.098913 -6.15249
                                0.471151          0.143115 -0.044212 1.194321 4.806621
                                0.102489          0.007386 0.704768 0.555024 -2.134831
                                0.036902          0.001869 0.415407 -1.077563 0.805728
[INPUT] 0    0    [1    /1   ]  0.0175               1
[INPUT] 1    0    [7    /4   ]  16.659389         0.007223 -0.00556 0.008185 0.037533
                                10.450653         -0.070315 0.063506 -0.125348 0.089805
                                4.183289          0.229161 -0.276956 0.657186 -1.569597
                                2.117962          0.393199 -0.321479 0.505908 1.106861
                                1.064494          0.361596 -0.004808 -0.773757 1.129157
                                0.514743          0.154139 0.330833 -0.592779 -1.167998
                                0.210442          0.016498 0.357095 0.185315 -0.795499
[INPUT] 1    0    [1    /1   ]  0.105                1
[INPUT] 2    0    [6    /3   ]  10.232413         0.081591 -0.0865 -0.101424
                                4.841151          0.26319 -0.339738 -0.548492
                                2.039827          0.342856 -0.328882 -0.002091
                                0.840565          0.338326 0.130025 0.828457
                                0.328485          0.24073 0.494941 -0.088206
                                0.116926          0.088375 0.365933 -0.590958
[INPUT] 2    0    [1    /1   ]  0.058                1
[INPUT] 3    0    [1    /1   ]  1.340407             1
[INPUT] 3    0    [1    /1   ]  4.50241              1
[INPUT] 4    0    [1    /1   ]  3.599562             1
[INPUT] C
[INPUT] 0    0    [9    /1   ]  13.073594         -0.000705
                                6.541187          0.015176
                                3.272791          -0.121499
                                1.637494          -0.033512
                                0.819297          0.180113
                                0.409924          0.380369
                                0.2051            0.397529
                                0.102619          0.169852
                                0.051344          0.013991
[INPUT] 0    0    [1    /1   ]  0.921552             1
[INPUT] 0    0    [1    /1   ]  0.1328               1
[INPUT] 1    0    [9    /1   ]  7.480076          0.021931
                                3.741035          0.054425
                                1.871016          0.112024
                                0.935757          0.210979
                                0.468003          0.289868
                                0.234064          0.302667
                                0.117063          0.191634
                                0.058547          0.050426
                                0.029281          0.001787
[INPUT] 1    0    [1    /1   ]  0.126772             1
[INPUT] 1    0    [1    /1   ]  0.376742             1
[INPUT] 2    0    [1    /1   ]  0.329486             1
[INPUT] 2    0    [1    /1   ]  1.141611             1
[INPUT] 3    0    [1    /1   ]  0.773485             1
[INPUT] O
[INPUT] 0    0    [9    /1   ]  54.775216         -7.6e-05
                                25.616801         0.000407
                                11.980245         0.012024
                                5.602818          -0.128627
                                2.620277          0.019567
                                1.225429          0.295926
                                0.573098          0.453752
                                0.268022          0.304848
                                0.125346          0.055741
[INPUT] 0    0    [1    /1   ]  1.686633             1
[INPUT] 0    0    [1    /1   ]  0.237997             1
[INPUT] 1    0    [9    /1   ]  21.217318         0.004679
                                10.620108         0.039899
                                5.315785          0.082308
                                2.660761          0.161134
                                1.331816          0.242835
                                0.666627          0.281879
                                0.333673          0.255999
                                0.167017          0.150175
                                0.083598          0.044958
[INPUT] 1    0    [1    /1   ]  0.184696             1
[INPUT] 1    0    [1    /1   ]  0.600621             1
[INPUT] 2    0    [1    /1   ]  0.66934              1
[INPUT] 2    0    [1    /1   ]  2.404278             1
[INPUT] 3    0    [1    /1   ]  1.423104             1

nuclear repulsion = 422.430491715947
number of shells = 117
number of NR pGTOs = 823
number of NR cGTOs = 411
basis = bfd-vtz
ecp = bfd
CPU time:         0.56


******** <class 'pyscf.df.df_jk.density_fit.<locals>.DFHF'> flags ********
method = DFHF-ROKS-ROHF-RHF
initial guess = minao
damping factor = 0
level shift factor = 0
DIIS = <class 'pyscf.scf.diis.CDIIS'>
DIIS start cycle = 1
DIIS space = 8
SCF tol = 1e-09
SCF gradient tol = None
max. SCF cycles = 50
direct_scf = False
chkfile to save SCF result = FeCO6-spherical.chk
max_memory 4000 MB (current use 84 MB)
num. doubly occ = 35  num. singly occ = 4
XC functionals = b3lyp
radial grids: 
    Treutler-Ahlrichs (JCP 102, 346 (M4)) radial grids
    
becke partition: Becke, JCP, 88, 2547 (1988)
pruning grids: <function nwchem_prune at 0x7f849e7b7ea0>
grids dens level: 3
symmetrized grids: False
atomic radii adjust function: <function treutler_atomic_radii_adjust at 0x7f849e7b7e18>

WARN: Invalid number of electrons 74 for RHF method.

Set gradient conv threshold to 3.16228e-05
cond(S) = 4491.74243924
atom Fe rad-grids = 90, ang-grids = [ 50  50  50  50  50  50  50  50  50  50  50  50  50  50  50  50  50  50
  50  50  50  50  50  50  50  50  50  50  50  50  86  86  86  86  86  86
  86  86  86  86  86  86  86  86  86  86 350 350 350 350 350 350 350 350
 350 350 350 434 434 434 434 434 434 434 434 434 434 434 434 434 434 434
 434 434 434 434 434 434 350 350 350 350 350 350 350 350 350 350 350 350]
atom C rad-grids = 75, ang-grids = [ 50  50  50  50  50  50  50  50  50  50  50  50  50  50  50  50  50  50
  50  50  50  50  50  86  86  86  86  86  86  86  86  86  86 266 266 266
 266 266 266 266 302 302 302 302 302 302 302 302 302 302 302 302 302 302
 302 302 302 302 302 302 266 266 266 266 266 266 266 266 266 266 266 266
 266 266 266]
atom O rad-grids = 75, ang-grids = [ 50  50  50  50  50  50  50  50  50  50  50  50  50  50  50  50  50  50
  50  50  50  50  86  86  86  86  86  86  86  86  86 266 266 266 266 266
 266 266 302 302 302 302 302 302 302 302 302 302 302 302 302 302 302 302
 302 302 302 266 266 266 266 266 266 266 266 266 266 266 266 266 266 266
 266 266 266]
tot grids = 189024
Drop grids 17150
    CPU time for setting up grids      8.82 sec, wall time      0.74 sec
nelec by numeric integration = [ 39.00000842  35.0000069 ]
    CPU time for vxc     42.55 sec, wall time      5.26 sec
******** <class 'pyscf.df.df.DF'> flags ********
auxbasis = None
max_memory = 4000
_cderi_to_save = /gpfs/mira-fs1/projects/catalyst/abenali/test/Spherical/tmphkueiw8p
Even tempered Gaussians are generated as DF auxbasis for  Fe C O
  ETB auxbasis for Fe  [[0, [35.840000000000003, 1]], [0, [17.920000000000002, 1]], [0, [8.9600000000000009, 1]], [0, [4.4800000000000004, 1]], [0, [2.2400000000000002, 1]], [0, [1.1200000000000001, 1]], [0, [0.56000000000000005, 1]], [0, [0.28000000000000003, 1]], [0, [0.14000000000000001, 1]], [0, [0.070000000000000007, 1]], [0, [0.035000000000000003, 1]], [1, [21.947428095337276, 1]], [1, [10.973714047668638, 1]], [1, [5.4868570238343191, 1]], [1, [2.7434285119171595, 1]], [1, [1.3717142559585798, 1]], [1, [0.68585712797928988, 1]], [1, [0.34292856398964494, 1]], [1, [0.17146428199482247, 1]], [1, [0.085732140997411235, 1]], [2, [32.623682195607536, 1]], [2, [16.311841097803768, 1]], [2, [8.155920548901884, 1]], [2, [4.077960274450942, 1]], [2, [2.038980137225471, 1]], [2, [1.0194900686127355, 1]], [2, [0.50974503430636775, 1]], [2, [0.25487251715318388, 1]], [2, [0.12743625857659194, 1]], [2, [0.063718129288295969, 1]], [3, [19.977843727489709, 1]], [3, [9.9889218637448547, 1]], [3, [4.9944609318724273, 1]], [3, [2.4972304659362137, 1]], [3, [1.2486152329681068, 1]], [3, [0.62430761648405342, 1]], [3, [0.31215380824202671, 1]], [3, [0.15607690412101335, 1]], [4, [14.848000000000001, 1]], [4, [7.4240000000000004, 1]], [4, [3.7120000000000002, 1]], [4, [1.8560000000000001, 1]], [4, [0.92800000000000005, 1]], [4, [0.46400000000000002, 1]], [4, [0.23200000000000001, 1]], [4, [0.11600000000000001, 1]], [5, [8.922412932833808, 1]], [5, [4.461206466416904, 1]], [5, [2.230603233208452, 1]], [5, [1.115301616604226, 1]], [5, [0.557650808302113, 1]], [6, [10.723255999999999, 1]], [6, [5.3616279999999996, 1]], [6, [2.6808139999999998, 1]]]
  ETB auxbasis for C  [[0, [13.144064, 1]], [0, [6.5720320000000001, 1]], [0, [3.286016, 1]], [0, [1.643008, 1]], [0, [0.82150400000000001, 1]], [0, [0.41075200000000001, 1]], [0, [0.205376, 1]], [0, [0.102688, 1]], [1, [9.9260799172636123, 1]], [1, [4.9630399586318061, 1]], [1, [2.4815199793159031, 1]], [1, [1.2407599896579515, 1]], [1, [0.62037999482897577, 1]], [1, [0.31018999741448788, 1]], [1, [0.15509499870724394, 1]], [1, [0.077547499353621971, 1]], [2, [14.991872000000001, 1]], [2, [7.4959360000000004, 1]], [2, [3.7479680000000002, 1]], [2, [1.8739840000000001, 1]], [2, [0.93699200000000005, 1]], [2, [0.46849600000000002, 1]], [2, [0.23424800000000001, 1]], [2, [0.11712400000000001, 1]], [2, [0.058562000000000003, 1]], [3, [3.1431232676406444, 1]], [3, [1.5715616338203222, 1]], [3, [0.78578081691016111, 1]], [3, [0.39289040845508055, 1]], [3, [0.19644520422754028, 1]], [4, [2.635888, 1]], [4, [1.317944, 1]], [4, [0.658972, 1]]]
  ETB auxbasis for O  [[0, [16.044288000000002, 1]], [0, [8.0221440000000008, 1]], [0, [4.0110720000000004, 1]], [0, [2.0055360000000002, 1]], [0, [1.0027680000000001, 1]], [0, [0.50138400000000005, 1]], [0, [0.25069200000000003, 1]], [1, [26.205542138461631, 1]], [1, [13.102771069230815, 1]], [1, [6.5513855346154077, 1]], [1, [3.2756927673077039, 1]], [1, [1.6378463836538519, 1]], [1, [0.81892319182692597, 1]], [1, [0.40946159591346298, 1]], [1, [0.20473079795673149, 1]], [2, [21.401088000000001, 1]], [2, [10.700544000000001, 1]], [2, [5.3502720000000004, 1]], [2, [2.6751360000000002, 1]], [2, [1.3375680000000001, 1]], [2, [0.66878400000000005, 1]], [2, [0.33439200000000002, 1]], [2, [0.16719600000000001, 1]], [3, [7.5695717823189979, 1]], [3, [3.7847858911594989, 1]], [3, [1.8923929455797495, 1]], [3, [0.94619647278987473, 1]], [3, [0.47309823639493737, 1]], [4, [5.3547200000000004, 1]], [4, [2.6773600000000002, 1]], [4, [1.3386800000000001, 1]]]
num shells = 438, num cGTOs = 1942
size of aux basis 1942
    CPU time for 2c2e      0.18 sec, wall time      0.02 sec
    CPU time for Cholesky 2c2e      0.46 sec, wall time      0.04 sec
erifile 1315.371 MB, IO buf size 255.98667 MB
int3c2e [1/6], AO [0:47], nrow = 16471
    CPU time for gen CD eri [1/6]     13.06 sec, wall time      1.78 sec
int3c2e [2/6], AO [47:70], nrow = 15914
    CPU time for gen CD eri [2/6]      9.31 sec, wall time      0.78 sec
int3c2e [3/6], AO [70:88], nrow = 16443
    CPU time for gen CD eri [3/6]      9.54 sec, wall time      0.81 sec
int3c2e [4/6], AO [88:103], nrow = 15792
    CPU time for gen CD eri [4/6]      9.47 sec, wall time      0.79 sec
int3c2e [5/6], AO [103:115], nrow = 15180
    CPU time for gen CD eri [5/6]      8.24 sec, wall time      0.69 sec
int3c2e [6/6], AO [115:117], nrow = 4866
    CPU time for gen CD eri [6/6]      2.51 sec, wall time      0.21 sec
    CPU time for generate (ij|L) 1 pass     53.25 sec, wall time      5.15 sec
    CPU time for step 2 [1/5], [0,0:450], row = 450      2.26 sec, wall time      0.84 sec
    CPU time for step 2 [2/5], [0,450:900], row = 450      0.39 sec, wall time      0.52 sec
    CPU time for step 2 [3/5], [0,900:1350], row = 450      0.39 sec, wall time      0.63 sec
    CPU time for step 2 [4/5], [0,1350:1800], row = 450      0.37 sec, wall time      0.63 sec
    CPU time for step 2 [5/5], [0,1800:1942], row = 142      0.14 sec, wall time      0.41 sec
    CPU time for cholesky_eri     56.81 sec, wall time      8.19 sec
    CPU time for vj and vk    102.57 sec, wall time     13.30 sec
Ecoul = 608.821460594  Exc = -43.3447724976
init E= -253.560805433857
    CPU time for initialize scf    174.15 sec, wall time     21.00 sec
  HOMO = -0.556620194890059  LUMO = -0.398729763805152
                  Roothaan           | alpha              | beta
  Highest 2-occ = -0.682005143189257 | -0.719861579078867 | -0.644148707288023
  Lowest 0-occ =  -0.398729763805152 | -0.403726988807665 | -0.393732548932016
  1-occ =         -0.628272207827259 | -0.785719046255635 | -0.470825351224188
  1-occ =         -0.625330933603089 | -0.784249434890208 | -0.466412414766977
  1-occ =         -0.581550752882932 | -0.731801958239509 | -0.431299515559451
  1-occ =         -0.556620194890059 | -0.715173910972845 | -0.398066447544041
  Roothaan mo_energy =
[ -3.90454868e+00  -2.65065512e+00  -2.61892358e+00  -2.61840526e+00
  -1.49618473e+00  -1.49607028e+00  -1.49604716e+00  -1.49598942e+00
  -1.49435699e+00  -1.49434329e+00  -9.17690175e-01  -9.00105199e-01
  -9.00062946e-01  -8.98822504e-01  -8.97634288e-01  -8.96566519e-01
  -8.33786128e-01  -8.14445439e-01  -8.14236009e-01  -8.13910541e-01
  -8.13834042e-01  -8.13748946e-01  -8.13478443e-01  -8.09333379e-01
  -8.08567365e-01  -8.08561729e-01  -8.07172456e-01  -8.06265686e-01
  -8.06223002e-01  -7.76740259e-01  -7.76632022e-01  -7.75349770e-01
  -7.74914487e-01  -7.73731106e-01  -6.82005143e-01  -6.28272208e-01
  -6.25330934e-01  -5.81550753e-01  -5.56620195e-01  -3.98729764e-01
  -3.98398748e-01  -3.96770992e-01  -3.87941886e-01  -3.85923380e-01
  -3.85620070e-01  -3.59787278e-01  -3.59205039e-01  -3.58724098e-01
  -3.32639041e-01  -3.30953486e-01  -3.30684977e-01  -2.95179195e-01
  -2.27012490e-01  -1.66948249e-01  -1.65158463e-01  -1.62677969e-01
  -1.53284895e-01  -1.52971958e-01  -1.44431903e-01  -1.44328876e-01
  -1.43924047e-01  -1.02579826e-01  -9.42500147e-02  -9.20640212e-02
   6.29117541e-03   6.94960919e-03   1.00972354e-02   2.52549774e-02
   2.58796250e-02   2.60730550e-02   2.66307251e-02   2.73931864e-02
   2.91565724e-02   1.12570506e-01   1.14145225e-01   1.14383562e-01
   1.30084099e-01   1.31100844e-01   1.31779142e-01   1.63975981e-01
   1.67651335e-01   1.67711924e-01   1.69761605e-01   1.79615294e-01
   1.81380757e-01   1.85812659e-01   1.87894154e-01   1.88247722e-01
   2.25869191e-01   2.27135856e-01   2.29129918e-01   2.31873515e-01
   2.31877121e-01   2.33317510e-01   2.50020279e-01   2.51718559e-01
   2.52268685e-01   3.04003331e-01   3.04545663e-01   3.05075054e-01
   3.06394662e-01   3.09104551e-01   3.10629032e-01   3.12552054e-01
   3.43885984e-01   3.47074236e-01   3.95196282e-01   4.04155224e-01
   4.04394145e-01   4.06663748e-01   4.22076779e-01   4.28039894e-01
   4.28108148e-01   4.31891683e-01   4.32532356e-01   4.33972879e-01
   4.34232846e-01   4.37196472e-01   4.38402946e-01   4.98703994e-01
   5.04456507e-01   5.16951830e-01   5.19992527e-01   5.31970557e-01
   5.34565401e-01   5.37007958e-01   5.37141105e-01   5.40469035e-01
   5.53425925e-01   5.55927596e-01   6.40641015e-01   6.50751280e-01
   6.51905148e-01   8.03852151e-01   8.06600610e-01   8.09862987e-01
   8.10943772e-01   8.20836776e-01   8.93899465e-01   9.26546613e-01
   9.33290299e-01   9.34840574e-01   9.85264476e-01   9.86324350e-01
   9.86895517e-01   1.00787960e+00   1.01181371e+00   1.21499341e+00
   1.24163083e+00   1.24339867e+00   1.24762773e+00   1.24891778e+00
   1.25004385e+00   1.25007585e+00   1.25070306e+00   1.25078565e+00
   1.25085644e+00   1.25163680e+00   1.26533626e+00   1.30715239e+00
   1.31631517e+00   1.33240940e+00   1.33607783e+00   1.62344504e+00
   1.62369434e+00   1.62560761e+00   1.64103827e+00   1.64479644e+00
   1.64994164e+00   1.68265415e+00   1.68908558e+00   1.68957701e+00
   1.69069119e+00   1.69155866e+00   1.69498178e+00   1.70299078e+00
   1.70663527e+00   1.72175641e+00   1.72474814e+00   1.72622539e+00
   1.72764282e+00   1.73497330e+00   1.73750472e+00   1.73923909e+00
   1.75132992e+00   1.75935426e+00   1.76120405e+00   1.76734157e+00
   1.76767686e+00   1.76770856e+00   1.82486415e+00   1.83235051e+00
   1.83307551e+00   1.94261205e+00   1.97488190e+00   2.13162064e+00
   2.16643133e+00   2.16885256e+00   2.17008622e+00   2.17133211e+00
   2.17253841e+00   2.32560642e+00   2.32623816e+00   2.32637193e+00
   2.32968242e+00   2.33049471e+00   2.33059955e+00   2.33700176e+00
   2.33772825e+00   2.33840276e+00   2.34270167e+00   2.34356555e+00
   2.34413758e+00   2.41520523e+00   2.49791063e+00   2.49901035e+00
   2.50052319e+00   2.50372607e+00   2.51767666e+00   2.51853976e+00
   2.52334682e+00   2.52341066e+00   2.52559962e+00   2.52578958e+00
   2.54499666e+00   2.54543544e+00   2.60208334e+00   2.60319243e+00
   2.60519937e+00   2.62579804e+00   2.62615266e+00   2.62694869e+00
   2.63051535e+00   2.63123592e+00   2.63222568e+00   2.64291763e+00
   2.68872951e+00   2.69106505e+00   2.69159006e+00   2.69263301e+00
   2.69312542e+00   2.70029749e+00   2.70036720e+00   2.70046835e+00
   2.70066413e+00   2.70081125e+00   2.70144092e+00   2.71459816e+00
   2.71870128e+00   2.72236570e+00   2.72296836e+00   2.72407487e+00
   2.72407784e+00   2.74272496e+00   2.76945535e+00   2.77315038e+00
   2.77647700e+00   2.79701820e+00   2.80173384e+00   2.80706379e+00
   2.81573572e+00   2.81694717e+00   2.90978522e+00   2.91132194e+00
   2.93606524e+00   2.95079515e+00   2.95474167e+00   3.05501598e+00
   3.06285349e+00   3.06741316e+00   3.08431867e+00   3.12033402e+00
   3.16410208e+00   3.16638858e+00   3.18701148e+00   3.26378607e+00
   3.27325002e+00   3.28081955e+00   3.37265418e+00   3.38884792e+00
   3.46192601e+00   3.46465590e+00   3.46589525e+00   3.48941787e+00
   3.49777398e+00   3.50272176e+00   3.50323323e+00   3.50520458e+00
   3.50537171e+00   3.54059957e+00   3.54146910e+00   3.54178207e+00
   3.73978503e+00   3.76281695e+00   3.76740376e+00   3.88989818e+00
   3.96209149e+00   3.96430059e+00   3.97227555e+00   4.03151317e+00
   4.04002499e+00   4.04125561e+00   4.17318502e+00   4.18214732e+00
   4.19462011e+00   4.74095769e+00   4.74108666e+00   4.74116656e+00
   4.74119943e+00   4.74122471e+00   4.74123696e+00   4.74124152e+00
   4.74175328e+00   4.74253173e+00   4.74253719e+00   4.74280103e+00
   4.74282263e+00   5.13352798e+00   5.14322732e+00   5.16069267e+00
   5.16170087e+00   5.16210932e+00   5.16259180e+00   5.16268442e+00
   5.16346877e+00   5.16372797e+00   5.16574148e+00   5.16705064e+00
   5.16751353e+00   5.31849623e+00   5.35786801e+00   5.91365561e+00
   5.92106871e+00   5.92677145e+00   5.96991352e+00   5.97007743e+00
   5.97028846e+00   5.97559952e+00   5.97587766e+00   5.97610171e+00
   6.00785780e+00   6.01262355e+00   6.01382285e+00   6.02622256e+00
   6.02827921e+00   6.02828862e+00   6.02985004e+00   6.03216021e+00
   6.04186693e+00   6.06408947e+00   6.06701601e+00   6.07089277e+00
   6.08294545e+00   6.09486504e+00   6.10075112e+00   6.10079317e+00
   6.10114296e+00   6.10204100e+00   6.10267876e+00   6.10273507e+00
   6.10413759e+00   6.10444410e+00   6.10548784e+00   6.10656316e+00
   6.10656567e+00   6.34607102e+00   6.37830936e+00   6.58846854e+00
   6.58863852e+00   6.58885377e+00   6.59142640e+00   6.59187617e+00
   6.59442529e+00   6.61696940e+00   6.61732304e+00   6.61866363e+00
   6.62518600e+00   6.62725927e+00   6.62744252e+00   6.86493495e+00
   6.86543370e+00   6.86605503e+00   6.86608131e+00   6.87518882e+00
   6.87912345e+00   9.35455424e+00   1.06405133e+01   1.06517818e+01
   1.06609293e+01   1.06799808e+01   1.06903349e+01   1.07935856e+01
   1.08214739e+01   1.08360178e+01   1.11842552e+01   1.15467861e+01
   1.15512955e+01   1.15613782e+01   1.15848504e+01   1.16763472e+01
   1.16867770e+01   1.17046074e+01   1.33640595e+01   1.33649867e+01
   1.33657121e+01   1.33731653e+01   1.33818829e+01   1.33878032e+01
   1.33895888e+01   1.34064764e+01   1.34135506e+01]
nelec by numeric integration = [ 39.00000842  35.0000069 ]
    CPU time for vxc     29.06 sec, wall time      2.43 sec
    CPU time for vj and vk     13.74 sec, wall time      1.15 sec
Ecoul = 608.821465897  Exc = -43.3447731
cycle= 1 E= -253.560805433858  delta_E= -1.59e-12  |g|= 7.94e-07  |ddm|= 9.15e-07
    CPU time for cycle= 1     43.62 sec, wall time      3.64 sec
  HOMO = -0.556619897193004  LUMO = -0.398729767712841
                  Roothaan           | alpha              | beta
  Highest 2-occ = -0.682004871889779 | -0.719861300800001 |  -0.64414844296845
  Lowest 0-occ =  -0.398729767712841 | -0.403726987648649 | -0.393732520783123
  1-occ =         -0.628271906018947 | -0.785718765268298 | -0.470825099255953
  1-occ =         -0.625330632074237 | -0.784249148501712 | -0.466412164078241
  1-occ =         -0.581550457866078 | -0.731801738199507 | -0.431299266618628
  1-occ =         -0.556619897193004 | -0.715173680095923 |  -0.39806619876321
  Roothaan mo_energy =
[ -3.90454831e+00  -2.65065476e+00  -2.61892323e+00  -2.61840491e+00
  -1.49618474e+00  -1.49607030e+00  -1.49604715e+00  -1.49598943e+00
  -1.49435695e+00  -1.49434325e+00  -9.17690167e-01  -9.00105188e-01
  -9.00062958e-01  -8.98822457e-01  -8.97634288e-01  -8.96566486e-01
  -8.33786114e-01  -8.14445426e-01  -8.14236015e-01  -8.13910545e-01
  -8.13834035e-01  -8.13748937e-01  -8.13478435e-01  -8.09333386e-01
  -8.08567350e-01  -8.08561708e-01  -8.07172462e-01  -8.06265670e-01
  -8.06222982e-01  -7.76740260e-01  -7.76632023e-01  -7.75349770e-01
  -7.74914495e-01  -7.73731112e-01  -6.82004872e-01  -6.28271906e-01
  -6.25330632e-01  -5.81550458e-01  -5.56619897e-01  -3.98729768e-01
  -3.98398746e-01  -3.96770977e-01  -3.87941890e-01  -3.85923385e-01
  -3.85620080e-01  -3.59787290e-01  -3.59205047e-01  -3.58724106e-01
  -3.32639055e-01  -3.30953498e-01  -3.30684988e-01  -2.95179161e-01
  -2.27012483e-01  -1.66948237e-01  -1.65158455e-01  -1.62677955e-01
  -1.53284901e-01  -1.52971962e-01  -1.44431913e-01  -1.44328886e-01
  -1.43924057e-01  -1.02579820e-01  -9.42500026e-02  -9.20640134e-02
   6.29117147e-03   6.94960645e-03   1.00972339e-02   2.52549755e-02
   2.58796119e-02   2.60730569e-02   2.66307126e-02   2.73931759e-02
   2.91565802e-02   1.12570499e-01   1.14145223e-01   1.14383564e-01
   1.30084109e-01   1.31100852e-01   1.31779147e-01   1.63975993e-01
   1.67651346e-01   1.67711927e-01   1.69761608e-01   1.79615296e-01
   1.81380767e-01   1.85812669e-01   1.87894167e-01   1.88247743e-01
   2.25869192e-01   2.27135849e-01   2.29129925e-01   2.31873519e-01
   2.31877128e-01   2.33317507e-01   2.50020278e-01   2.51718544e-01
   2.52268688e-01   3.04003334e-01   3.04545665e-01   3.05075054e-01
   3.06394673e-01   3.09104572e-01   3.10629050e-01   3.12552060e-01
   3.43885970e-01   3.47074218e-01   3.95196270e-01   4.04155220e-01
   4.04394144e-01   4.06663736e-01   4.22076781e-01   4.28039890e-01
   4.28108139e-01   4.31891675e-01   4.32532359e-01   4.33972867e-01
   4.34232839e-01   4.37196463e-01   4.38402963e-01   4.98703993e-01
   5.04456530e-01   5.16951837e-01   5.19992526e-01   5.31970581e-01
   5.34565395e-01   5.37007991e-01   5.37141111e-01   5.40469041e-01
   5.53425915e-01   5.55927587e-01   6.40641009e-01   6.50751274e-01
   6.51905142e-01   8.03852194e-01   8.06600605e-01   8.09862995e-01
   8.10943767e-01   8.20836824e-01   8.93899468e-01   9.26546660e-01
   9.33290350e-01   9.34840623e-01   9.85264482e-01   9.86324361e-01
   9.86895525e-01   1.00787960e+00   1.01181374e+00   1.21499342e+00
   1.24163083e+00   1.24339870e+00   1.24762772e+00   1.24891778e+00
   1.25004385e+00   1.25007586e+00   1.25070308e+00   1.25078568e+00
   1.25085644e+00   1.25163681e+00   1.26533627e+00   1.30715241e+00
   1.31631519e+00   1.33240946e+00   1.33607786e+00   1.62344503e+00
   1.62369435e+00   1.62560762e+00   1.64103824e+00   1.64479642e+00
   1.64994161e+00   1.68265415e+00   1.68908558e+00   1.68957702e+00
   1.69069116e+00   1.69155864e+00   1.69498176e+00   1.70299078e+00
   1.70663529e+00   1.72175642e+00   1.72474817e+00   1.72622541e+00
   1.72764283e+00   1.73497330e+00   1.73750473e+00   1.73923910e+00
   1.75132992e+00   1.75935426e+00   1.76120408e+00   1.76734154e+00
   1.76767684e+00   1.76770854e+00   1.82486413e+00   1.83235049e+00
   1.83307548e+00   1.94261210e+00   1.97488197e+00   2.13162064e+00
   2.16643131e+00   2.16885255e+00   2.17008621e+00   2.17133210e+00
   2.17253840e+00   2.32560640e+00   2.32623813e+00   2.32637190e+00
   2.32968240e+00   2.33049469e+00   2.33059952e+00   2.33700173e+00
   2.33772822e+00   2.33840273e+00   2.34270165e+00   2.34356552e+00
   2.34413755e+00   2.41520522e+00   2.49791061e+00   2.49901034e+00
   2.50052318e+00   2.50372606e+00   2.51767664e+00   2.51853975e+00
   2.52334680e+00   2.52341065e+00   2.52559961e+00   2.52578956e+00
   2.54499664e+00   2.54543543e+00   2.60208334e+00   2.60319241e+00
   2.60519937e+00   2.62579804e+00   2.62615267e+00   2.62694869e+00
   2.63051532e+00   2.63123594e+00   2.63222570e+00   2.64291765e+00
   2.68872948e+00   2.69106505e+00   2.69159001e+00   2.69263301e+00
   2.69312543e+00   2.70029749e+00   2.70036721e+00   2.70046835e+00
   2.70066412e+00   2.70081124e+00   2.70144091e+00   2.71459817e+00
   2.71870129e+00   2.72236571e+00   2.72296835e+00   2.72407486e+00
   2.72407779e+00   2.74272493e+00   2.76945534e+00   2.77315037e+00
   2.77647696e+00   2.79701817e+00   2.80173382e+00   2.80706377e+00
   2.81573571e+00   2.81694715e+00   2.90978522e+00   2.91132193e+00
   2.93606525e+00   2.95079515e+00   2.95474166e+00   3.05501604e+00
   3.06285356e+00   3.06741322e+00   3.08431869e+00   3.12033424e+00
   3.16410229e+00   3.16638879e+00   3.18701169e+00   3.26378622e+00
   3.27325017e+00   3.28081969e+00   3.37265418e+00   3.38884791e+00
   3.46192600e+00   3.46465590e+00   3.46589525e+00   3.48941791e+00
   3.49777401e+00   3.50272176e+00   3.50323326e+00   3.50520458e+00
   3.50537172e+00   3.54059956e+00   3.54146910e+00   3.54178207e+00
   3.73978510e+00   3.76281702e+00   3.76740384e+00   3.88989819e+00
   3.96209150e+00   3.96430064e+00   3.97227559e+00   4.03151319e+00
   4.04002504e+00   4.04125563e+00   4.17318526e+00   4.18214757e+00
   4.19462036e+00   4.74095769e+00   4.74108666e+00   4.74116657e+00
   4.74119942e+00   4.74122473e+00   4.74123695e+00   4.74124152e+00
   4.74175328e+00   4.74253179e+00   4.74253726e+00   4.74280109e+00
   4.74282269e+00   5.13352806e+00   5.14322735e+00   5.16069268e+00
   5.16170088e+00   5.16210934e+00   5.16259181e+00   5.16268440e+00
   5.16346882e+00   5.16372800e+00   5.16574148e+00   5.16705064e+00
   5.16751358e+00   5.31849638e+00   5.35786818e+00   5.91365561e+00
   5.92106872e+00   5.92677147e+00   5.96991354e+00   5.97007743e+00
   5.97028848e+00   5.97559952e+00   5.97587769e+00   5.97610173e+00
   6.00785779e+00   6.01262357e+00   6.01382287e+00   6.02622255e+00
   6.02827921e+00   6.02828860e+00   6.02985002e+00   6.03216020e+00
   6.04186693e+00   6.06408949e+00   6.06701602e+00   6.07089279e+00
   6.08294547e+00   6.09486507e+00   6.10075113e+00   6.10079318e+00
   6.10114301e+00   6.10204107e+00   6.10267877e+00   6.10273507e+00
   6.10413769e+00   6.10444411e+00   6.10548785e+00   6.10656321e+00
   6.10656577e+00   6.34607108e+00   6.37830945e+00   6.58846854e+00
   6.58863856e+00   6.58885381e+00   6.59142644e+00   6.59187617e+00
   6.59442532e+00   6.61696944e+00   6.61732304e+00   6.61866368e+00
   6.62518600e+00   6.62725930e+00   6.62744257e+00   6.86493495e+00
   6.86543370e+00   6.86605510e+00   6.86608134e+00   6.87518883e+00
   6.87912350e+00   9.35455446e+00   1.06405134e+01   1.06517818e+01
   1.06609293e+01   1.06799808e+01   1.06903350e+01   1.07935859e+01
   1.08214742e+01   1.08360182e+01   1.11842553e+01   1.15467865e+01
   1.15512959e+01   1.15613786e+01   1.15848508e+01   1.16763476e+01
   1.16867774e+01   1.17046077e+01   1.33640598e+01   1.33649871e+01
   1.33657124e+01   1.33731657e+01   1.33818832e+01   1.33878035e+01
   1.33895892e+01   1.34064768e+01   1.34135509e+01]
nelec by numeric integration = [ 39.00000842  35.0000069 ]
    CPU time for vxc     30.06 sec, wall time      2.55 sec
    CPU time for vj and vk     15.42 sec, wall time      1.29 sec
Ecoul = 608.821451119  Exc = -43.3447715156
Extra cycle  E= -253.560805433858  delta_E= 4.55e-13  |g|= 2.1e-06  |ddm|= 1.84e-06
    CPU time for scf_cycle    264.01 sec, wall time     28.54 sec
    CPU time for SCF    264.02 sec, wall time     28.54 sec
converged SCF energy = -253.560805433858
Wavefunction successfuly saved to QMCPACK HDF5 Format
Use: "convert4qmc -pyscf  FeCO6.h5" to generate QMCPACK input files
