Discarded 24 diffused primitive functions, 0 contracted functions
#INFO: **** input file is /home/benali/Applications/Luke/Al/DZ-tw/HF/Al.py ****
#!/usr/bin/env python
  
'''
Gamma point post-HF calculation needs only real integrals.
Methods implemented in finite-size system can be directly used here without
any modification.
'''


import numpy as np
from pyscf import lib
from pyscf.pbc import gto, scf, dft
from pyscf import gto as Mgto
from pyscf.pbc import df
from pyscf.pbc import ao2mo
from pyscf.pbc import tools
from pyscf.pbc.tools.pbc import super_cell
from functools import reduce
import scipy.linalg as la


kmesh = [1, 1, 1]

#cell = gto.M(
#    atom = '''He     0.  0.  0. ''',
cell = gto.Cell()
# .a is a matrix for lattice vectors.





cell.a = '''
  4.03893   0.00000   0.00000
 -0.00000   4.03893   0.00000
 -0.00000  -0.00000   4.03893
'''
cell.atom = '''  
Al   0.00000   0.00000   0.00000
Al   2.01946   2.01946   0.00000
Al   2.01946   0.00000   2.01946
Al   0.00000   2.01946   2.01946
'''
#Basis: Al-ccpvDz             '''
cell.basis= {'Al': Mgto.parse('''
Al S
8.257944 0.003287
4.514245 -0.017168
2.467734 0.069766
1.348998 -0.183475
0.737436 -0.147133
0.403123 0.046882
0.220369 0.308423
0.120466 0.451564
0.065853 0.302904
0.035999 0.079545
Al S
0.236926 1.000000
Al P
1.570603 -0.002645
0.977752 -0.037850
0.608683 0.006636
0.378925 0.089291
0.235893 0.134421
0.146851 0.256105
0.091420 0.238970
0.056912 0.260677
0.035429 0.112350
0.022056 0.052665
Al P
0.202698 1.000000
Al D
0.192882 1.000000
''')
}

cell.ecp = {'Al': Mgto.basis.parse_ecp('''
Al nelec 10
Al ul
1 5.073893 3.000000
3 8.607001 15.221680
2 3.027490 -11.165685
Al S
2 7.863954 14.879513
2 2.061358 20.746863
Al P
2 3.125175 7.786227
2 1.414930 7.109015
''')
}



cell.unit='A'
cell.drop_exponent=0.1

cell.verbose = 5
cell.spin =0

cell.build()
sp_twist=[0.3,0.3,0.3]
twist = np.asarray(sp_twist) / 1.0
kmesh=[1,1,1]
kpts = cell.make_kpts((1,1,1), with_gamma_point=False,  wrap_around=True, scaled_center=twist)

supcell=cell
mydf = df.GDF(supcell,kpts)
mydf.auxbasis = 'weigend'
mydf._cderi_to_save = 'df_ints.h5'   # new
mydf.build()                         # new
mf = scf.KRHF(supcell,kpts).density_fit()
#mf = dft.KROKS(supcell,kpts).density_fit()
#mf = dft.KROKS(supcell,kpts)
#mf.xc="b3lyp"



mf.with_df._cderi = 'df_ints.h5'
mf.exxdiv = 'ewald'
mf.with_df = mydf
mf.chkfile ='Al-TZ.chk'
#dm = mf.from_chk('Al-QZ.chk')           # restart

#e_scf=mf.kernel(dm)                     # restart
e_scf=mf.kernel()                      # new


ener = open('e_scf','w')
ener.write('%s\n' % (e_scf))
print('e_scf',e_scf)
ener.close()

title="Al-DZ"

#mycas = list(range(0,4))
from PyscfToQmcpack import savetoqmcpack
savetoqmcpack(cell,mf,title=title,kmesh=kmesh,kpts=kpts,sp_twist=kpts)


from MolPyscfToQPkpts import pyscf2QP
pyscf2QP(supcell,mf,kpts=kpts,int_threshold = 1E-15)

#INFO: ******************** input file end ********************


System: ('Linux', 'node002', '3.10.0-957.1.3.el7.x86_64', '#1 SMP Thu Nov 29 14:49:43 UTC 2018', 'x86_64', 'x86_64')  Threads 40
Python 2.7.5 (default, Oct 30 2018, 23:45:53) 
[GCC 4.8.5 20150623 (Red Hat 4.8.5-36)]
numpy 1.15.4  scipy 0.12.1
Date: Tue Oct  8 11:23:22 2019
PySCF version 1.6.1
PySCF path  /home/benali/src/pyscf/pyscf
GIT ORIG_HEAD e57b4cb2ebe022963d3970e7b2d99c49b0541e6f
GIT HEAD      ref: refs/heads/master
GIT master branch  dbfd3e3ef7fa23ad950d8c795ad6d6b4dbcf2eaa

[CONFIG] conf_file None
[INPUT] verbose = 5
[INPUT] max_memory = 4000 
[INPUT] num. atoms = 4
[INPUT] num. electrons = 12
[INPUT] charge = 0
[INPUT] spin (= nelec alpha-beta = 2S) = 0
[INPUT] symmetry False subgroup None
[INPUT] Mole.unit = A
[INPUT]  1 Al     0.000000000000   0.000000000000   0.000000000000 AA    0.000000000000   0.000000000000   0.000000000000 Bohr
[INPUT]  2 Al     2.019460000000   2.019460000000   0.000000000000 AA    3.816226319514   3.816226319514   0.000000000000 Bohr
[INPUT]  3 Al     2.019460000000   0.000000000000   2.019460000000 AA    3.816226319514   0.000000000000   3.816226319514 Bohr
[INPUT]  4 Al     0.000000000000   2.019460000000   2.019460000000 AA    0.000000000000   3.816226319514   3.816226319514 Bohr
[INPUT] ---------------- BASIS SET ---------------- 
[INPUT] l, kappa, [nprim/nctr], expnt,             c_1 c_2 ...
[INPUT] Al
[INPUT] 0    0    [8    /1   ]  8.257944          0.003287
                                4.514245          -0.017168
                                2.467734          0.069766
                                1.348998          -0.183475
                                0.737436          -0.147133
                                0.403123          0.046882
                                0.220369          0.308423
                                0.120466          0.451564
[INPUT] 0    0    [1    /1   ]  0.236926             1
[INPUT] 1    0    [6    /1   ]  1.570603          -0.002645
                                0.977752          -0.03785
                                0.608683          0.006636
                                0.378925          0.089291
                                0.235893          0.134421
                                0.146851          0.256105
[INPUT] 1    0    [1    /1   ]  0.202698             1
[INPUT] 2    0    [1    /1   ]  0.192882             1

Ewald components = 5.17065632266529e-50, -40.3520529525604, 29.5393670563915
nuclear repulsion = -10.8126858961689
number of shells = 20
number of NR pGTOs = 140
number of NR cGTOs = 52
basis = {'Al': [[0, [8.257944, 0.003287], [4.514245, -0.017168], [2.467734, 0.069766], [1.348998, -0.183475], [0.737436, -0.147133], [0.403123, 0.046882], [0.220369, 0.308423], [0.120466, 0.451564], [0.065853, 0.302904], [0.035999, 0.079545]], [0, [0.236926, 1.0]], [1, [1.570603, -0.002645], [0.977752, -0.03785], [0.608683, 0.006636], [0.378925, 0.089291], [0.235893, 0.134421], [0.146851, 0.256105], [0.09142, 0.23897], [0.056912, 0.260677], [0.035429, 0.11235], [0.022056, 0.052665]], [1, [0.202698, 1.0]], [2, [0.192882, 1.0]]]}
ecp = {'Al': [10, [[-1, [[], [[5.073893, 3.0]], [[3.02749, -11.165685]], [[8.607001, 15.22168]]]], [0, [[], [], [[7.863954, 14.879513], [2.061358, 20.746863]], []]], [1, [[], [], [[3.125175, 7.786227], [1.41493, 7.109015]], []]]]]}
CPU time:         0.74
lattice vectors  a1 [7.632471536, 0.000000000, 0.000000000]
                 a2 [-0.000000000, 7.632471536, 0.000000000]
                 a3 [-0.000000000, -0.000000000, 7.632471536]
dimension = 3
low_dim_ft_type = None
Cell volume = 444.627
exp_to_discard = 0.1
rcut = 18.1851218647085 (nimgs = [3 3 3])
lattice sum = 251 cells
precision = 1e-08
pseudo = None
ke_cutoff = 207.16062194078665
    = [50 50 50] mesh (125000 PWs)
ew_eta = 1.98034
ew_cut = 3.4825353084680053 (nimgs = [1 1 1])


******** <class 'pyscf.pbc.df.df.GDF'> ********
mesh = [13 13 13] (2197 PWs)
auxbasis = weigend
eta = 0.2
exp_to_discard = 0.1
_cderi_to_save = df_ints.h5
len(kpts) = 1
num shells = 68, num cGTOs = 204
Drop 8 primitive fitting functions
make aux basis, num shells = 60, num cGTOs = 188
auxcell.rcut 12.314818012510043
Num uniq kpts 1


******** <class 'pyscf.pbc.scf.khf.KRHF'> ********
method = KRHF-KSCF-RHF-SCF-RHF
initial guess = minao
damping factor = 0
level shift factor = 0
DIIS = <class 'pyscf.scf.diis.CDIIS'>
DIIS start cycle = 1
DIIS space = 8
SCF tol = 1e-07
SCF gradient tol = None
max. SCF cycles = 50
direct_scf = False
chkfile to save SCF result = Al-TZ.chk
max_memory 4000 MB (current use 240 MB)


******** PBC SCF flags ********
N kpts = 1
kpts = [[0.2469653 0.2469653 0.2469653]]
Exchange divergence treatment (exxdiv) = ewald
Ewald components = 8.84516447046245e-102, -1.11818785688414, 0.932317692417054
    madelung (= occupied orbital energy shift) = 0.37174032893416453
    Total energy shift due to Ewald probe charge = -1/2 * Nelec*madelung = -2.2304419736
DF object = <pyscf.pbc.df.df.GDF object at 0x7f179a17cdd0>
Set gradient conv threshold to 0.000316228
Big error detected in the electron number of initial guess density matrix (Ne/cell = 11.7956)!
  This can cause huge error in Fock matrix and lead to instability in SCF for low-dimensional systems.
  DM is normalized wrt the number of electrons 12.0
cond(S) = [7786.67046514]
Ewald components = 8.84516447046245e-102, -1.11818785688414, 0.932317692417054
    CPU time for vj and vk      2.40 sec, wall time      0.06 sec
E1 = (6.462058257544951+5.987620304347291e-18j)  E_coul = (-2.892907028672488+7.548812092952067e-18j)
Ewald components = 5.17065632266529e-50, -40.3520529525604, 29.5393670563915
init E= -7.2435346672964
    CPU time for initialize scf    214.32 sec, wall time      5.50 sec
HOMO = 0.323347588931  LUMO = 0.323347588931

WARN: HOMO 0.323347588931 == LUMO 0.323347588931

     k-point                  mo_energy
   0 ( 0.300  0.300  0.300)   [-0.45328874  0.00677025  0.00677025  0.00677025  0.32334759  0.32334759] [0.32334759 0.53149735 0.6806672  0.6806672  0.6806672  0.80488849
 0.80488849 0.80488849 0.9144223  0.9144223  0.9144223  0.95393529
 0.95393529 1.09383378 1.09383378 1.16725247 1.24004191 1.24004191
 1.24004191 1.26567896 1.26567896 1.26567896 1.37742544 1.37742544
 1.3889373  1.3889373  1.3889373  1.60973746 1.60973746 1.60973746
 3.95375429 5.2007728  5.2007728  5.2007728  5.54326483 5.54326483
 5.54326483 5.56141258 5.56141258 5.6418932  5.6418932  5.6418932
 6.36398545 6.62989962 6.62989962 6.62989962]
Ewald components = 8.84516447046245e-102, -1.11818785688414, 0.932317692417054
    CPU time for vj and vk      2.15 sec, wall time      0.05 sec
E1 = (5.73592717441586-9.804595623392679e-17j)  E_coul = (-3.0975738645751725-2.079084720683043e-16j)
Ewald components = 5.17065632266529e-50, -40.3520529525604, 29.5393670563915
cycle= 1 E= -8.17433258632818  delta_E= -0.931  |g|= 0.224  |ddm|= 2.91
    CPU time for cycle= 1      3.04 sec, wall time      0.08 sec
HOMO = 0.0830872724567  LUMO = 0.410861151747
     k-point                  mo_energy
   0 ( 0.300  0.300  0.300)   [-0.21403458 -0.07136937 -0.06146154 -0.05639602  0.07819178  0.08308727] [0.41086115 0.55412666 0.72310137 0.73580501 0.74458875 0.82323988
 0.83009334 0.84188992 0.91468132 0.92607071 0.93141855 0.95516706
 0.96593721 1.08485424 1.08872297 1.16666691 1.22424882 1.22975927
 1.23266052 1.26717354 1.28371597 1.28953669 1.38026621 1.38262487
 1.38412719 1.38577533 1.38905613 1.60647627 1.60674364 1.60794784
 3.93531784 5.16864437 5.18143344 5.18589188 5.51357367 5.51416868
 5.52787458 5.53947342 5.54209046 5.61435532 5.61847104 5.62099706
 6.33784508 6.60048756 6.60173059 6.60403129]
Ewald components = 8.84516447046245e-102, -1.11818785688414, 0.932317692417054
    CPU time for vj and vk      2.09 sec, wall time      0.05 sec
E1 = (5.705702248719922-4.700016417724662e-17j)  E_coul = (-3.1022164275705792-1.6408044627852503e-16j)
Ewald components = 5.17065632266529e-50, -40.3520529525604, 29.5393670563915
cycle= 2 E= -8.20920007501952  delta_E= -0.0349  |g|= 0.0885  |ddm|= 0.407
    CPU time for cycle= 2      2.98 sec, wall time      0.07 sec
HOMO = 0.0812918385758  LUMO = 0.418318230526
     k-point                  mo_energy
   0 ( 0.300  0.300  0.300)   [-0.21632286 -0.07613106 -0.06545818 -0.05911942  0.0759486   0.08129184] [0.41831823 0.55580706 0.72491757 0.73669396 0.74570367 0.82136661
 0.83007135 0.84334501 0.91474058 0.9276914  0.93270676 0.9538438
 0.96592082 1.08458638 1.08892517 1.16806041 1.22170736 1.22975875
 1.23426393 1.26632905 1.28314397 1.28998503 1.37505465 1.38436122
 1.3858533  1.38777454 1.38909031 1.5997255  1.60382067 1.61321432
 3.92747068 5.16567344 5.16932994 5.17057356 5.49670712 5.50132548
 5.52524112 5.52843302 5.53280082 5.59046039 5.61287025 5.62434939
 6.32682281 6.5695114  6.59593058 6.60953081]
Ewald components = 8.84516447046245e-102, -1.11818785688414, 0.932317692417054
    CPU time for vj and vk      2.06 sec, wall time      0.05 sec
E1 = (5.696118653445941-4.4072818311535755e-17j)  E_coul = (-3.1031601424616504-1.3612158275555508e-16j)
Ewald components = 5.17065632266529e-50, -40.3520529525604, 29.5393670563915
cycle= 3 E= -8.21972738518457  delta_E= -0.0105  |g|= 0.0274  |ddm|= 0.225
    CPU time for cycle= 3      2.91 sec, wall time      0.07 sec
HOMO = 0.08118750715  LUMO = 0.418742132009
     k-point                  mo_energy
   0 ( 0.300  0.300  0.300)   [-0.21608486 -0.07620267 -0.06459406 -0.0586447   0.07605693  0.08118751] [0.41874213 0.55592735 0.72508327 0.73652307 0.74558027 0.8217505
 0.83022671 0.84234659 0.91518339 0.92746048 0.93217414 0.95365665
 0.96598061 1.08452757 1.08905684 1.16867422 1.22258456 1.230038
 1.23374334 1.26674615 1.28272748 1.28907521 1.3778377  1.38404647
 1.38470388 1.38702044 1.38762079 1.60138382 1.60388854 1.6105446
 3.92561295 5.16208191 5.16742567 5.16995269 5.49738214 5.50386567
 5.51962456 5.52413091 5.52533645 5.59211443 5.6085998  5.6170114
 6.3247892  6.5740871  6.59153483 6.60022655]
Ewald components = 8.84516447046245e-102, -1.11818785688414, 0.932317692417054
    CPU time for vj and vk      2.05 sec, wall time      0.05 sec
E1 = (5.694638994573922-3.735076484212563e-17j)  E_coul = (-3.103410943794265-1.1069704181077e-16j)
Ewald components = 5.17065632266529e-50, -40.3520529525604, 29.5393670563915
cycle= 4 E= -8.22145784538921  delta_E= -0.00173  |g|= 0.0138  |ddm|= 0.0832
    CPU time for cycle= 4      2.92 sec, wall time      0.07 sec
HOMO = 0.081795817364  LUMO = 0.41740252678
     k-point                  mo_energy
   0 ( 0.300  0.300  0.300)   [-0.21560977 -0.07557575 -0.06342784 -0.05811148  0.07657796  0.08179582] [0.41740253 0.55563282 0.7249493  0.73595218 0.74521776 0.82133111
 0.83034191 0.84257448 0.91479727 0.92722165 0.93223971 0.95335544
 0.96615649 1.08443608 1.08913409 1.1685169  1.22171726 1.23010696
 1.23419682 1.26663779 1.28256745 1.28948627 1.37665745 1.38425234
 1.38488337 1.38753909 1.38818385 1.60067341 1.60386776 1.61142906
 3.92621307 5.16323541 5.16765637 5.17008027 5.49664925 5.50317374
 5.52125113 5.5250908  5.52788751 5.59117575 5.60971695 5.61970639
 6.32539419 6.57223291 6.59269497 6.60379335]
Ewald components = 8.84516447046245e-102, -1.11818785688414, 0.932317692417054
    CPU time for vj and vk      2.04 sec, wall time      0.05 sec
E1 = (5.6943647503209265-3.701195166322391e-17j)  E_coul = (-3.103725733175908-9.547755381450473e-17j)
Ewald components = 5.17065632266529e-50, -40.3520529525604, 29.5393670563915
cycle= 5 E= -8.22204687902385  delta_E= -0.000589  |g|= 0.00843  |ddm|= 0.0457
    CPU time for cycle= 5      2.94 sec, wall time      0.07 sec
HOMO = 0.0811689399362  LUMO = 0.418680245296
     k-point                  mo_energy
   0 ( 0.300  0.300  0.300)   [-0.21593634 -0.07683759 -0.06372024 -0.05832401  0.07604057  0.08116894] [0.41868025 0.55580228 0.7254345  0.73603224 0.74530667 0.82148426
 0.83047437 0.84223085 0.91523102 0.9273187  0.93221648 0.9530776
 0.96640785 1.08429497 1.0892434  1.16855318 1.22171141 1.23017345
 1.23397929 1.26704758 1.28246221 1.28926611 1.37684731 1.38425183
 1.38490483 1.38747231 1.38802337 1.60081388 1.60389145 1.61129145
 3.92602974 5.16328997 5.16739141 5.16984786 5.49671227 5.5032233
 5.5207895  5.52490311 5.5276958  5.59132078 5.60937056 5.61916074
 6.32517757 6.57234959 6.59238482 6.60324432]
Ewald components = 8.84516447046245e-102, -1.11818785688414, 0.932317692417054
    CPU time for vj and vk      2.06 sec, wall time      0.05 sec
E1 = (5.694355300627593-3.8163916471489756e-17j)  E_coul = (-3.1040212240925444-1.1294676131867742e-16j)
Ewald components = 5.17065632266529e-50, -40.3520529525604, 29.5393670563915
cycle= 6 E= -8.22235181963382  delta_E= -0.000305  |g|= 0.00813  |ddm|= 0.0291
    CPU time for cycle= 6      2.91 sec, wall time      0.07 sec
HOMO = 0.0811431536151  LUMO = 0.418759152442
     k-point                  mo_energy
   0 ( 0.300  0.300  0.300)   [-0.21597612 -0.0768299  -0.06385896 -0.05837743  0.07601157  0.08114315] [0.41875915 0.55582452 0.72539057 0.73608735 0.7453475  0.82145696
 0.83043584 0.84229209 0.91519722 0.92735418 0.93225355 0.9531274
 0.96635832 1.08430669 1.08922027 1.16855777 1.22172915 1.23014873
 1.23400425 1.26699162 1.28249731 1.28930109 1.37682712 1.38426118
 1.38491184 1.38748631 1.38803198 1.60079514 1.60386529 1.61131925
 3.9260289  5.16327269 5.16738196 5.16984349 5.49665223 5.5031438
 5.52085855 5.52491082 5.52770426 5.5912301  5.60944023 5.61920592
 6.32516747 6.57223299 6.59245204 6.60327897]
Ewald components = 8.84516447046245e-102, -1.11818785688414, 0.932317692417054
    CPU time for vj and vk      2.04 sec, wall time      0.05 sec
E1 = (5.694362488260853-3.720168704340887e-17j)  E_coul = (-3.10395973887532-1.1287899868289708e-16j)
Ewald components = 5.17065632266529e-50, -40.3520529525604, 29.5393670563915
cycle= 7 E= -8.22228314678333  delta_E= 6.87e-05  |g|= 0.00809  |ddm|= 0.00653
    CPU time for cycle= 7      2.91 sec, wall time      0.07 sec
HOMO = 0.0784584056175  LUMO = 0.426422087783
     k-point                  mo_energy
   0 ( 0.300  0.300  0.300)   [-0.21570788 -0.07204145 -0.06612654 -0.05900063  0.07058727  0.07845841] [0.42642209 0.5556234  0.72293747 0.73717945 0.7460186  0.82047388
 0.82927069 0.84473263 0.91327739 0.92789098 0.93310165 0.9551502
 0.96445841 1.08512612 1.08850818 1.16826454 1.22192227 1.22926074
 1.23486879 1.264478   1.28343583 1.29068444 1.37593745 1.38449378
 1.38474688 1.38775428 1.38874985 1.60013842 1.60350446 1.61240956
 3.92604925 5.16248093 5.16757155 5.17002013 5.49500967 5.50124882
 5.52334017 5.52529355 5.52861497 5.58836554 5.61126876 5.62131092
 6.32504862 6.56915396 6.59405789 6.60536041]
Ewald components = 8.84516447046245e-102, -1.11818785688414, 0.932317692417054
    CPU time for vj and vk      2.04 sec, wall time      0.05 sec
E1 = (5.69472083009366-3.369158250998705e-17j)  E_coul = (-3.1021709445866485-1.3319423688984422e-16j)
Ewald components = 5.17065632266529e-50, -40.3520529525604, 29.5393670563915
cycle= 8 E= -8.22013601066185  delta_E= 0.00215  |g|= 0.00636  |ddm|= 0.255
    CPU time for cycle= 8      2.99 sec, wall time      0.08 sec
HOMO = 0.0840886934579  LUMO = 0.41416201553
     k-point                  mo_energy
   0 ( 0.300  0.300  0.300)   [-0.2158287  -0.07109594 -0.06760269 -0.05955341  0.07760622  0.08408869] [0.41416202 0.55571325 0.72336912 0.73772001 0.74535982 0.82129554
 0.82881116 0.84430161 0.91370575 0.92819737 0.93252776 0.9556883
 0.96397415 1.08529474 1.08830476 1.16820919 1.222583   1.22882838
 1.23476209 1.26489163 1.28378507 1.28980676 1.37617676 1.38457666
 1.38482534 1.38768658 1.38822025 1.60064316 1.60324274 1.61227818
 3.92605239 5.16276859 5.16761624 5.16986433 5.49579596 5.50114069
 5.52338794 5.52557166 5.52811953 5.58861564 5.61195042 5.62001498
 6.32508318 6.56953092 6.59510863 6.60401097]
Ewald components = 8.84516447046245e-102, -1.11818785688414, 0.932317692417054
    CPU time for vj and vk      2.28 sec, wall time      0.06 sec
E1 = (5.694656237173722-3.382710778154774e-17j)  E_coul = (-3.10173915711659-1.1499319291924381e-16j)
Ewald components = 5.17065632266529e-50, -40.3520529525604, 29.5393670563915
cycle= 9 E= -8.21976881611173  delta_E= 0.000367  |g|= 0.00421  |ddm|= 0.0847
    CPU time for cycle= 9      3.32 sec, wall time      0.08 sec
HOMO = 0.0830452896291  LUMO = 0.415305676254
     k-point                  mo_energy
   0 ( 0.300  0.300  0.300)   [-0.21592016 -0.07059502 -0.06830436 -0.05976394  0.07752182  0.08304529] [0.41530568 0.55575463 0.7231621  0.73792689 0.74548555 0.82116757
 0.8286713  0.84456546 0.91348763 0.92832992 0.93272649 0.95586674
 0.96381856 1.08535677 1.08825034 1.16818123 1.22252454 1.22877542
 1.23487283 1.26459809 1.2838833  1.28997889 1.37604886 1.38459716
 1.38476926 1.38771298 1.38838546 1.60055417 1.60325502 1.61240875
 3.92598893 5.16258713 5.16761    5.16982794 5.49558588 5.50094348
 5.52358089 5.52548537 5.52821145 5.58825252 5.6119726  5.62021022
 6.32498368 6.56919388 6.59505863 6.6042292 ]
Ewald components = 8.84516447046245e-102, -1.11818785688414, 0.932317692417054
    CPU time for vj and vk      2.06 sec, wall time      0.05 sec
E1 = (5.694643039504223-3.4423418976414766e-17j)  E_coul = (-3.101594189452925-1.3666368384179783e-16j)
Ewald components = 5.17065632266529e-50, -40.3520529525604, 29.5393670563915
cycle= 10 E= -8.21963704611757  delta_E= 0.000132  |g|= 0.00368  |ddm|= 0.0598
    CPU time for cycle= 10      2.97 sec, wall time      0.07 sec
HOMO = 0.0847532495707  LUMO = 0.413520276827
     k-point                  mo_energy
   0 ( 0.300  0.300  0.300)   [-0.21588044 -0.07059004 -0.06823169 -0.05961435  0.07753875  0.08475325] [0.41352028 0.55573497 0.7233376  0.73777204 0.74541304 0.82122908
 0.82881183 0.84438023 0.9136343  0.92822866 0.93263792 0.95579354
 0.96388776 1.0853375  1.08827697 1.16819968 1.22253825 1.22886002
 1.23479054 1.26480578 1.28376275 1.28989264 1.37613067 1.38459482
 1.38475795 1.3876776  1.38832991 1.60058783 1.60329947 1.61231225
 3.92600162 5.16266782 5.16760407 5.16983425 5.49571178 5.50113044
 5.52336514 5.5254408  5.52817098 5.58851772 5.61179661 5.62010469
 6.32501395 6.56946764 6.59488209 6.60411969]
Ewald components = 8.84516447046245e-102, -1.11818785688414, 0.932317692417054
    CPU time for vj and vk      2.04 sec, wall time      0.05 sec
E1 = (5.694613872159935-3.664603343001005e-17j)  E_coul = (-3.1016132897169566-1.38073146666029e-16j)
Ewald components = 5.17065632266529e-50, -40.3520529525604, 29.5393670563915
cycle= 11 E= -8.21968531372589  delta_E= -4.83e-05  |g|= 0.00366  |ddm|= 0.013
    CPU time for cycle= 11      2.95 sec, wall time      0.07 sec
HOMO = 0.0834326271524  LUMO = 0.415036670055
     k-point                  mo_energy
   0 ( 0.300  0.300  0.300)   [-0.21588281 -0.0706461  -0.06825668 -0.05950911  0.07731866  0.08343263] [0.41503667 0.55573394 0.72331297 0.73766495 0.74554119 0.82109605
 0.82891467 0.8444113  0.91359723 0.9281711  0.93273252 0.95572587
 0.96394888 1.08531374 1.08830032 1.168204   1.22244639 1.22893833
 1.23478788 1.2647748  1.28368046 1.29002727 1.37611218 1.38458988
 1.38474201 1.38769041 1.38837812 1.60052953 1.60333976 1.61232267
 3.92601064 5.16264724 5.16759049 5.16988738 5.49561433 5.50120394
 5.52337761 5.52539908 5.52823281 5.58852553 5.61168531 5.62027817
 6.32502441 6.56946173 6.59474199 6.60429477]
Ewald components = 8.84516447046245e-102, -1.11818785688414, 0.932317692417054
    CPU time for vj and vk      2.09 sec, wall time      0.05 sec
E1 = (5.694621873679736-3.710681935331639e-17j)  E_coul = (-3.1016637253961488-1.3547106145206378e-16j)
Ewald components = 5.17065632266529e-50, -40.3520529525604, 29.5393670563915
cycle= 12 E= -8.21972774788528  delta_E= -4.24e-05  |g|= 0.0036  |ddm|= 0.0104
    CPU time for cycle= 12      2.97 sec, wall time      0.07 sec
HOMO = 0.0833090643645  LUMO = 0.415223980005
     k-point                  mo_energy
   0 ( 0.300  0.300  0.300)   [-0.2158824  -0.07067978 -0.06828131 -0.05944724  0.07725216  0.08330906] [0.41522398 0.55573379 0.72334462 0.73759571 0.74558167 0.82105638
 0.82898556 0.84437938 0.91361679 0.9281285  0.93275685 0.95568491
 0.96398829 1.08529966 1.08831524 1.16820822 1.22240969 1.22899
 1.23476692 1.26480642 1.28361774 1.29006123 1.37612733 1.38458255
 1.38473055 1.38768256 1.3883872  1.60051332 1.60337249 1.61230392
 3.92600629 5.16264269 5.1675786  5.16989857 5.49559867 5.50126885
 5.52331991 5.52535765 5.52824496 5.58858054 5.61157578 5.62031288
 6.32502256 6.56951572 6.59461974 6.60433657]
Ewald components = 8.84516447046245e-102, -1.11818785688414, 0.932317692417054
    CPU time for vj and vk      2.37 sec, wall time      0.06 sec
E1 = (5.694620311883991-3.9546274241408774e-17j)  E_coul = (-3.10168957948522-1.2059038663470023e-16j)
Ewald components = 5.17065632266529e-50, -40.3520529525604, 29.5393670563915
cycle= 13 E= -8.2197551637701  delta_E= -2.74e-05  |g|= 0.00359  |ddm|= 0.00611
    CPU time for cycle= 13      3.43 sec, wall time      0.09 sec
HOMO = 0.0827761415813  LUMO = 0.416457624441
     k-point                  mo_energy
   0 ( 0.300  0.300  0.300)   [-0.21588049 -0.07094527 -0.06848737 -0.05897579  0.07655536  0.08277614] [0.41645762 0.55573502 0.72360348 0.73705948 0.74586576 0.82076636
 0.82950268 0.8441361  0.91375735 0.92782623 0.93293161 0.95536942
 0.96428993 1.08518787 1.08842522 1.16823645 1.22212696 1.22934647
 1.23464043 1.2650453  1.28316907 1.29029874 1.37616984 1.38454198
 1.3846783  1.38766921 1.38845035 1.60040044 1.60356021 1.61221554
 3.92598782 5.16265882 5.16744866 5.16998206 5.49542427 5.50167003
 5.52300608 5.52515449 5.52834402 5.58890103 5.61090527 5.62058406
 6.3250143  6.56978329 6.59392195 6.60465212]
Ewald components = 8.84516447046245e-102, -1.11818785688414, 0.932317692417054
    CPU time for vj and vk      2.39 sec, wall time      0.06 sec
E1 = (5.694603191259313-4.2148359455373985e-17j)  E_coul = (-3.101883389794929-1.4177298657963577e-16j)
Ewald components = 5.17065632266529e-50, -40.3520529525604, 29.5393670563915
cycle= 14 E= -8.21996609470448  delta_E= -0.000211  |g|= 0.0035  |ddm|= 0.0461
    CPU time for cycle= 14      3.50 sec, wall time      0.09 sec
HOMO = 0.0840327815808  LUMO = 0.477636499066
     k-point                  mo_energy
   0 ( 0.300  0.300  0.300)   [-0.21601251 -0.07464584 -0.07153945 -0.05236942  0.01409358  0.08403278] [0.4776365  0.55575242 0.72394104 0.73334351 0.74907786 0.81722151
 0.83282037 0.84389852 0.91314099 0.92695247 0.93489551 0.95089754
 0.9684488  1.08367048 1.08993687 1.16856304 1.2181393  1.23140531
 1.23526543 1.26478987 1.28151208 1.2928891  1.37539613 1.38409481
 1.38482506 1.38877486 1.38925815 1.59932568 1.60421868 1.61268985
 3.92593434 5.16197977 5.16680985 5.17084577 5.49278417 5.50321839
 5.52298808 5.52407226 5.5296265  5.58921899 5.60759552 5.62414891
 6.32490005 6.56940548 6.59058155 6.60828509]
Ewald components = 8.84516447046245e-102, -1.11818785688414, 0.932317692417054
    CPU time for vj and vk      2.39 sec, wall time      0.06 sec
E1 = (5.694799773659599-1.0117639148363167e-16j)  E_coul = (-3.1030655465915475-5.465734202042549e-17j)
Ewald components = 5.17065632266529e-50, -40.3520529525604, 29.5393670563915
cycle= 15 E= -8.22095166910081  delta_E= -0.000986  |g|= 0.00877  |ddm|= 0.535
    CPU time for cycle= 15      3.48 sec, wall time      0.09 sec
HOMO = 0.0829070147758  LUMO = 0.430224746103
     k-point                  mo_energy
   0 ( 0.300  0.300  0.300)   [-0.21587955 -0.07265279 -0.06984423 -0.05591819  0.06267034  0.08290701] [0.43022475 0.55574097 0.72562537 0.73349969 0.7474164  0.81914579
 0.83285408 0.84221718 0.91468112 0.9261618  0.93381477 0.95332341
 0.9662159  1.08447181 1.08912651 1.16843084 1.22040683 1.23183823
 1.23344349 1.26665801 1.28059262 1.29151548 1.37646566 1.38428644
 1.38436582 1.38777089 1.38872341 1.59988231 1.60463245 1.61163611
 3.92600308 5.16283396 5.16689716 5.17058801 5.49468668 5.50435629
 5.52107167 5.52413064 5.5289449  5.59154272 5.60677273 5.62205275
 6.32512124 6.5719711  6.58984582 6.60634894]
Ewald components = 8.84516447046245e-102, -1.11818785688414, 0.932317692417054
    CPU time for vj and vk      2.94 sec, wall time      0.07 sec
E1 = (5.694535391683745-9.26145824527852e-17j)  E_coul = (-3.102939909735398-9.380212264483573e-17j)
Ewald components = 5.17065632266529e-50, -40.3520529525604, 29.5393670563915
cycle= 16 E= -8.22109041422052  delta_E= -0.000139  |g|= 0.00251  |ddm|= 0.106
    CPU time for cycle= 16      4.02 sec, wall time      0.10 sec
HOMO = 0.0879530129809  LUMO = 0.404555372794
     k-point                  mo_energy
   0 ( 0.300  0.300  0.300)   [-0.21582163 -0.07148359 -0.06889021 -0.05799299  0.08330305  0.08795301] [0.40455537 0.55573405 0.72610422 0.73411684 0.74639664 0.82026273
 0.83237821 0.84170811 0.9153143  0.926004   0.9331915  0.95470661
 0.96492191 1.08494311 1.08865424 1.16835896 1.22162437 1.23155956
 1.2329072  1.26737393 1.28050521 1.29068797 1.37694128 1.38413556
 1.38445434 1.3873124  1.38845256 1.6002204  1.60469686 1.61121087
 3.92603729 5.16323238 5.16701198 5.17038592 5.49572462 5.50456426
 5.52040506 5.52429927 5.5285402  5.59227231 5.60697766 5.6208706
 6.32521643 6.57293797 6.5900469  6.6051838 ]
Ewald components = 8.84516447046245e-102, -1.11818785688414, 0.932317692417054
    CPU time for vj and vk      2.39 sec, wall time      0.06 sec
E1 = (5.694395111501367-8.098990228466718e-17j)  E_coul = (-3.1027333299381388-9.0605420301898e-17j)
Ewald components = 5.17065632266529e-50, -40.3520529525604, 29.5393670563915
cycle= 17 E= -8.22102411460564  delta_E= 6.63e-05  |g|= 0.0021  |ddm|= 0.115
    CPU time for cycle= 17      3.46 sec, wall time      0.09 sec
HOMO = 0.0837372204223  LUMO = 0.420816639361
     k-point                  mo_energy
   0 ( 0.300  0.300  0.300)   [-0.21586041 -0.07226549 -0.06954501 -0.05658774  0.07124905  0.08373722] [0.42081664 0.55573622 0.72588739 0.73362859 0.74705718 0.81953639
 0.8327689  0.84196039 0.91494294 0.92606594 0.93359304 0.95376977
 0.96580143 1.08462528 1.08897517 1.16840426 1.2208214  1.23186569
 1.23315157 1.26697723 1.28050635 1.2912122  1.37665034 1.38424667
 1.38436757 1.38761653 1.38860733 1.60001657 1.60468154 1.61144938
 3.92602416 5.16299279 5.16695042 5.17054673 5.49510745 5.50456713
 5.52075704 5.52419139 5.52875594 5.59192923 5.60674287 5.62161396
 6.32517542 6.57247363 6.58982729 6.60588598]
Ewald components = 8.84516447046245e-102, -1.11818785688414, 0.932317692417054
    CPU time for vj and vk      2.43 sec, wall time      0.06 sec
E1 = (5.69446638129607-9.175060884658581e-17j)  E_coul = (-3.1028770872342024-7.854028300120774e-17j)
Ewald components = 5.17065632266529e-50, -40.3520529525604, 29.5393670563915
cycle= 18 E= -8.221096602107  delta_E= -7.25e-05  |g|= 0.000668  |ddm|= 0.107
    CPU time for cycle= 18      3.68 sec, wall time      0.09 sec
HOMO = 0.0835283011995  LUMO = 0.412343035687
     k-point                  mo_energy
   0 ( 0.300  0.300  0.300)   [-0.21583765 -0.07188741 -0.06921874 -0.05727259  0.07993648  0.0835283 ] [0.41234304 0.55573569 0.72608452 0.73378063 0.746735   0.81989563
 0.83265951 0.84175408 0.91517669 0.925984   0.93339125 0.95422811
 0.96537208 1.08477996 1.08881848 1.16838536 1.22122887 1.23186011
 1.23288468 1.26724935 1.28043057 1.29094883 1.37682946 1.38417818
 1.38440664 1.38745505 1.38851247 1.60012132 1.60471821 1.61129286
 3.92602874 5.16312289 5.16696719 5.17047601 5.49543292 5.50465787
 5.52049029 5.5242209  5.52862702 5.59221384 5.60674076 5.62122205
 6.3251985  6.57281677 6.58982464 6.60551285]
Ewald components = 8.84516447046245e-102, -1.11818785688414, 0.932317692417054
    CPU time for vj and vk      2.23 sec, wall time      0.06 sec
E1 = (5.6944227633074735-8.66277535815918e-17j)  E_coul = (-3.102829165275323-8.821001112706284e-17j)
Ewald components = 5.17065632266529e-50, -40.3520529525604, 29.5393670563915
cycle= 19 E= -8.22109229813671  delta_E= 4.3e-06  |g|= 0.000817  |ddm|= 0.0351
    CPU time for cycle= 19      3.24 sec, wall time      0.08 sec
HOMO = 0.0835384947656  LUMO = 0.413044266569
     k-point                  mo_energy
   0 ( 0.300  0.300  0.300)   [-0.21584045 -0.07192072 -0.06924341 -0.05721513  0.07922618  0.08353849] [0.41304427 0.55573681 0.72607187 0.7337647  0.74676013 0.81986608
 0.83266854 0.84177221 0.91515707 0.92599031 0.93340691 0.95418985
 0.96540729 1.08476647 1.08883084 1.16838909 1.221197   1.23186599
 1.23290262 1.2672305  1.28043537 1.29097013 1.37681222 1.38418646
 1.38440408 1.38746711 1.38852377 1.60010682 1.60471341 1.61130752
 3.92602733 5.16311281 5.16696233 5.17047411 5.4953966  5.50463446
 5.52051067 5.52421287 5.5286456  5.59218344 5.6067403  5.62126222
 6.32519391 6.57277193 6.58982259 6.60555436]
Ewald components = 8.84516447046245e-102, -1.11818785688414, 0.932317692417054
    CPU time for vj and vk      2.08 sec, wall time      0.05 sec
E1 = (5.694425342260477-8.836925332114665e-17j)  E_coul = (-3.1028327782134997-1.0690233420707074e-16j)
Ewald components = 5.17065632266529e-50, -40.3520529525604, 29.5393670563915
cycle= 20 E= -8.22109333212189  delta_E= -1.03e-06  |g|= 0.00071  |ddm|= 0.00213
    CPU time for cycle= 20      2.97 sec, wall time      0.07 sec
HOMO = 0.0836223477486  LUMO = 0.416524955457
     k-point                  mo_energy
   0 ( 0.300  0.300  0.300)   [-0.21585002 -0.07207949 -0.06937934 -0.05692779  0.07565972  0.08362235] [0.41652496 0.55573791 0.72600687 0.73368492 0.74689433 0.81971773
 0.83272375 0.84184774 0.91506622 0.92601873 0.93348874 0.95399777
 0.96558683 1.08470123 1.08889596 1.16840038 1.22103283 1.23189025
 1.23299159 1.26712966 1.28045696 1.29107758 1.37674661 1.3842151
 1.38438655 1.38753291 1.38855637 1.60006496 1.60469928 1.6113643
 3.92602423 5.16305567 5.16695141 5.17050441 5.49526296 5.50460895
 5.5206038  5.52419305 5.52868535 5.59208123 5.60672639 5.62141325
 6.32518308 6.57264696 6.58980792 6.60569414]
Ewald components = 8.84516447046245e-102, -1.11818785688414, 0.932317692417054
    CPU time for vj and vk      2.68 sec, wall time      0.07 sec
E1 = (5.694440960161383-8.994812273482866e-17j)  E_coul = (-3.10285447330442-9.601626676895847e-17j)
Ewald components = 5.17065632266529e-50, -40.3520529525604, 29.5393670563915
cycle= 21 E= -8.2210994093119  delta_E= -6.08e-06  |g|= 0.000276  |ddm|= 0.02
    CPU time for cycle= 21      3.71 sec, wall time      0.09 sec
HOMO = 0.0836037969395  LUMO = 0.415758476939
     k-point                  mo_energy
   0 ( 0.300  0.300  0.300)   [-0.21584668 -0.07204726 -0.06935052 -0.05698649  0.07644544  0.0836038 ] [0.41575848 0.55573776 0.72603486 0.73368796 0.74686608 0.81974811
 0.83271797 0.84182792 0.91508731 0.92600914 0.93347171 0.95403692
 0.96555003 1.08471419 1.08888245 1.16839859 1.22106481 1.23190697
 1.23295261 1.2671588  1.28044395 1.2910557  1.37675987 1.3842101
 1.38438854 1.38751774 1.38855105 1.60007144 1.60470339 1.6113517
 3.92602292 5.16306731 5.16694949 5.17049505 5.49528623 5.50461141
 5.52057968 5.52419327 5.52867889 5.5921031  5.6067212  5.62138316
 6.32518273 6.5726701  6.58980233 6.6056685 ]
Ewald components = 8.84516447046245e-102, -1.11818785688414, 0.932317692417054
    CPU time for vj and vk      2.19 sec, wall time      0.05 sec
E1 = (5.694437117249942-9.024627833226218e-17j)  E_coul = (-3.102852782091029-5.395599874009893e-17j)
Ewald components = 5.17065632266529e-50, -40.3520529525604, 29.5393670563915
cycle= 22 E= -8.22110156100995  delta_E= -2.15e-06  |g|= 0.00025  |ddm|= 0.00948
    CPU time for cycle= 22      3.10 sec, wall time      0.08 sec
HOMO = 0.0836463939479  LUMO = 0.417410705145
     k-point                  mo_energy
   0 ( 0.300  0.300  0.300)   [-0.21585126 -0.07212205 -0.0694128  -0.05685407  0.0747501   0.08364639] [0.41741071 0.55573759 0.72599769 0.73365801 0.74692836 0.81967832
 0.83273646 0.84187176 0.91504011 0.92602689 0.93351109 0.9539484
 0.9656336  1.08468462 1.08891322 1.16840123 1.22098545 1.23190608
 1.23300532 1.26710465 1.28045894 1.29110567 1.37672378 1.38422462
 1.3843795  1.38754915 1.38856919 1.60005133 1.60469582 1.61138417
 3.92601886 5.16303894 5.16694399 5.17050527 5.49521998 5.50458825
 5.52063261 5.52418597 5.52870253 5.59203908 5.60672142 5.62145701
 6.32517437 6.57259586 6.58980349 6.60573867]
Ewald components = 8.84516447046245e-102, -1.11818785688414, 0.932317692417054
    CPU time for vj and vk      2.16 sec, wall time      0.05 sec
E1 = (5.694445641164868-9.086969458144134e-17j)  E_coul = (-3.1028619670931414-8.328705563762084e-17j)
Ewald components = 5.17065632266529e-50, -40.3520529525604, 29.5393670563915
cycle= 23 E= -8.22110222209714  delta_E= -6.61e-07  |g|= 0.000118  |ddm|= 0.0065
    CPU time for cycle= 23      3.15 sec, wall time      0.08 sec
HOMO = 0.0836365482265  LUMO = 0.417034754913
     k-point                  mo_energy
   0 ( 0.300  0.300  0.300)   [-0.21585023 -0.07210499 -0.06939909 -0.05688404  0.07513547  0.08363655] [0.41703475 0.55573746 0.72600682 0.73366425 0.74691445 0.81969441
 0.83273258 0.8418614  0.91505095 0.92602287 0.93350221 0.95396873
 0.96561488 1.08469163 1.08890653 1.16840002 1.22100415 1.23190637
 1.23299229 1.26711703 1.28045517 1.29109405 1.37673334 1.38422089
 1.38438103 1.38754217 1.38856364 1.60005787 1.60469823 1.6113761
 3.92602026 5.1630456  5.16694643 5.17050544 5.49523828 5.50459961
 5.52062055 5.52418907 5.52869489 5.59205662 5.60672109 5.62143757
 6.32517727 6.57261892 6.58980362 6.60571899]
Ewald components = 8.84516447046245e-102, -1.11818785688414, 0.932317692417054
    CPU time for vj and vk      2.02 sec, wall time      0.05 sec
E1 = (5.694443903068208-9.088324710859741e-17j)  E_coul = (-3.102860257759801-9.720211289511449e-17j)
Ewald components = 5.17065632266529e-50, -40.3520529525604, 29.5393670563915
cycle= 24 E= -8.22110225086046  delta_E= -2.88e-08  |g|= 0.000109  |ddm|= 0.00108
    CPU time for cycle= 24      2.92 sec, wall time      0.07 sec
HOMO = 0.0836406465112  LUMO = 0.417205828276
     k-point                  mo_energy
   0 ( 0.300  0.300  0.300)   [-0.21585077 -0.07211272 -0.06940538 -0.05687041  0.07496031  0.08364065] [0.41720583 0.55573748 0.72600251 0.73366128 0.74692107 0.81968675
 0.83273433 0.84186648 0.9150455  0.9260247  0.93350671 0.9539595
 0.96562347 1.0846885  1.08890962 1.16840045 1.22099555 1.23190657
 1.23299811 1.26711101 1.28045697 1.29109988 1.37672882 1.38422258
 1.38438014 1.38754565 1.38856641 1.60005516 1.60469728 1.61137982
 3.92602034 5.16304295 5.16694629 5.17050678 5.49523095 5.50459655
 5.52062708 5.52418872 5.52869822 5.59204968 5.60672203 5.62144702
 6.32517692 6.57261035 6.58980448 6.60572799]
Ewald components = 8.84516447046245e-102, -1.11818785688414, 0.932317692417054
    CPU time for vj and vk      2.05 sec, wall time      0.05 sec
E1 = (5.69444458051433-8.940602164858591e-17j)  E_coul = (-3.102860968862266-9.557919776817525e-17j)
Ewald components = 5.17065632266529e-50, -40.3520529525604, 29.5393670563915
Extra cycle  E= -8.2211022845168  delta_E= -3.37e-08  |g|= 0.000108  |ddm|= 0.000242
    CPU time for scf_cycle    293.70 sec, wall time      7.49 sec
    CPU time for SCF    294.57 sec, wall time      7.51 sec
converged SCF energy = -8.2211022845168
('e_scf', -8.221102284516801)
Using Python 2.x
Wavefunction successfully saved to QMCPACK HDF5 Format
Use: "convert4qmc -pyscf  Al-DZ.h5" to generate QMCPACK input files
('n_atom per kpt', 4)
('num_elec per kpt', 12)
('n Kpts', 1)
('n active Mos per kpt', 52)
('n AOs per kpt', 52)
('n df fitting functions', 188)
Ewald components = 8.84516447046245e-102, -1.11818785688414, 0.932317692417054
Ewald components = 5.17065632266529e-50, -40.3520529525604, 29.5393670563915
('nucl_repul', -13.043127869773853)
